54.149.101.46 - - [07/Sep/2016:11:34:57 +0200] "GET /images/theglobalreports.png HTTP/1.1" 200 26010 "-" "facebookexternalhit/1.1"
199.16.156.125 - - [07/Sep/2016:11:47:17 +0200] "GET /robots.txt HTTP/1.1" 200 332 "-" "Twitterbot/1.0"
199.16.156.125 - - [07/Sep/2016:11:47:17 +0200] "GET /books/the-difficulty-of-being-good.php HTTP/1.1" 200 20046 "-" "Twitterbot/1.0"
66.249.64.223 - - [07/Sep/2016:11:49:32 +0200] "GET /featured/20160901-no-amnesty-immigrants-trump.php HTTP/1.1" 200 6612 "-" "Mozilla/5.0 (compatible; Googlebot/2.1; +http://www.google.com/bot.html)"
74.6.254.136 - - [07/Sep/2016:11:55:26 +0200] "GET /opinion/20160906-opinion.php HTTP/1.1" 200 7439 "-" "Mozilla/5.0 (compatible; Yahoo! Slurp; http://help.yahoo.com/help/us/ysearch/slurp)"
198.16.7.150 - - [07/Sep/2016:11:56:13 +0200] "GET / HTTP/1.1" 200 31279 "-" "FreeWebMonitoring SiteChecker/0.2 (+http://www.freewebmonitoring.com/bot.html)"
62.210.181.15 - - [07/Sep/2016:11:58:42 +0200] "HEAD /opinion/ HTTP/1.1" 200 184 "-" "Mozilla/5.0"
54.172.192.35 - - [07/Sep/2016:12:06:44 +0200] "GET /featured/20160907-syrian-opposition-coalition.php HTTP/1.1" 200 7449 "-" "Mozilla/5.0 (Macintosh; Intel Mac OS X 10.9; rv:28.0) Gecko/20100101 Firefox/28.0 (FlipboardProxy/1.1; +http://flipboard.com/browserproxy)"
54.172.192.35 - - [07/Sep/2016:12:06:44 +0200] "GET /opinion/ HTTP/1.1" 200 7440 "-" "Mozilla/5.0 (Macintosh; Intel Mac OS X 10.9; rv:28.0) Gecko/20100101 Firefox/28.0 (FlipboardProxy/1.1; +http://flipboard.com/browserproxy)"
54.172.192.35 - - [07/Sep/2016:12:06:44 +0200] "GET /opinion/20160906-opinion.php HTTP/1.1" 200 7457 "-" "Mozilla/5.0 (Macintosh; Intel Mac OS X 10.9; rv:28.0) Gecko/20100101 Firefox/28.0 (FlipboardProxy/1.1; +http://flipboard.com/browserproxy)"
54.172.192.35 - - [07/Sep/2016:12:06:44 +0200] "GET / HTTP/1.1" 200 17434 "-" "Mozilla/5.0 (Macintosh; Intel Mac OS X 10.9; rv:28.0) Gecko/20100101 Firefox/28.0 (FlipboardProxy/1.1; +http://flipboard.com/browserproxy)"
54.172.192.35 - - [07/Sep/2016:12:06:45 +0200] "GET / HTTP/1.1" 200 17434 "-" "Mozilla/5.0 (Macintosh; Intel Mac OS X 10.9; rv:28.0) Gecko/20100101 Firefox/28.0 (FlipboardProxy/1.1; +http://flipboard.com/browserproxy)"
54.172.192.35 - - [07/Sep/2016:12:06:45 +0200] "GET / HTTP/1.1" 200 17434 "-" "Mozilla/5.0 (Macintosh; Intel Mac OS X 10.9; rv:28.0) Gecko/20100101 Firefox/28.0 (FlipboardProxy/1.1; +http://flipboard.com/browserproxy)"
194.72.238.241 - - [07/Sep/2016:12:10:07 +0200] "HEAD / HTTP/1.0" 301 191 "-" "-"
74.6.254.136 - - [07/Sep/2016:12:35:09 +0200] "GET /featured/20160907-syrian-opposition-coalition.php HTTP/1.1" 200 7449 "-" "Mozilla/5.0 (compatible; Yahoo! Slurp; http://help.yahoo.com/help/us/ysearch/slurp)"
66.249.64.223 - - [07/Sep/2016:12:54:24 +0200] "GET / HTTP/1.1" 200 17912 "-" "Mozilla/5.0 (compatible; Googlebot/2.1; +http://www.google.com/bot.html)"
199.59.148.211 - - [07/Sep/2016:12:58:01 +0200] "GET /robots.txt HTTP/1.1" 200 332 "-" "Twitterbot/1.0"
199.59.148.211 - - [07/Sep/2016:12:58:01 +0200] "GET /opinion/20160830-opinion.php HTTP/1.1" 200 7992 "-" "Twitterbot/1.0"
188.40.10.67 - - [07/Sep/2016:12:58:17 +0200] "HEAD / HTTP/1.1" 200 128 "-" "curl/7.38.0"
188.40.10.67 - - [07/Sep/2016:12:58:18 +0200] "GET / HTTP/1.1" 200 67912 "http://www.google.com/search?sourceid=chrome&ie=UTF-8&q=content" "Mozilla/5.0 (compatible; Konqueror/3.2; Linux 2.6.2)"
198.16.7.150 - - [07/Sep/2016:12:59:03 +0200] "GET / HTTP/1.1" 200 31279 "-" "FreeWebMonitoring SiteChecker/0.2 (+http://www.freewebmonitoring.com/bot.html)"
74.6.254.136 - - [07/Sep/2016:13:34:59 +0200] "GET /opinion/ HTTP/1.1" 200 7450 "-" "Mozilla/5.0 (compatible; Yahoo! Slurp; http://help.yahoo.com/help/us/ysearch/slurp)"
74.6.254.136 - - [07/Sep/2016:13:35:18 +0200] "GET /images/theglobalreports.png HTTP/1.1" 304 126 "-" "Mozilla/5.0 (compatible; Yahoo! Slurp; http://help.yahoo.com/help/us/ysearch/slurp)"
213.128.81.66 - - [07/Sep/2016:13:36:53 +0200] "GET / HTTP/1.0" 301 518 "-" "masscan/1.0 (https://github.com/robertdavidgraham/masscan)"
198.16.7.150 - - [07/Sep/2016:14:00:27 +0200] "GET / HTTP/1.1" 200 31279 "-" "FreeWebMonitoring SiteChecker/0.2 (+http://www.freewebmonitoring.com/bot.html)"
66.249.64.223 - - [07/Sep/2016:14:05:45 +0200] "GET / HTTP/1.1" 200 16688 "-" "Mozilla/5.0 (compatible; Googlebot/2.1; +http://www.google.com/bot.html)"
2.50.4.234 - - [07/Sep/2016:14:39:45 +0200] "GET /images/kerala.png HTTP/1.1" 200 195662 "https://www.google.co.in/" "Mozilla/5.0 (Windows NT 6.1; WOW64) AppleWebKit/537.36 (KHTML, like Gecko) Chrome/52.0.2743.116 Safari/537.36"
66.102.8.141 - - [07/Sep/2016:14:46:30 +0200] "GET / HTTP/1.1" 301 595 "-" "Mozilla/5.0 (X11; Linux x86_64) AppleWebKit/537.36 (KHTML, like Gecko; Google Page Speed Insights) Chrome/27.0.1453 Safari/537.36"
66.102.8.19 - - [07/Sep/2016:14:46:30 +0200] "GET / HTTP/1.1" 200 20413 "-" "Mozilla/5.0 (X11; Linux x86_64) AppleWebKit/537.36 (KHTML, like Gecko; Google Page Speed Insights) Chrome/27.0.1453 Safari/537.36"
66.102.8.17 - - [07/Sep/2016:14:46:33 +0200] "GET /js/jquery.cycle.all.min.js HTTP/1.1" 200 7184 "http://www.theglobalreports.com/" "Mozilla/5.0 (X11; Linux x86_64) AppleWebKit/537.36 (KHTML, like Gecko; Google Page Speed Insights) Chrome/27.0.1453 Safari/537.36"
66.102.8.21 - - [07/Sep/2016:14:46:33 +0200] "GET /style.css HTTP/1.1" 200 2756 "http://www.theglobalreports.com/" "Mozilla/5.0 (X11; Linux x86_64) AppleWebKit/537.36 (KHTML, like Gecko; Google Page Speed Insights) Chrome/27.0.1453 Safari/537.36"
66.102.8.17 - - [07/Sep/2016:14:46:33 +0200] "GET /js/script.js HTTP/1.1" 200 642 "http://www.theglobalreports.com/" "Mozilla/5.0 (X11; Linux x86_64) AppleWebKit/537.36 (KHTML, like Gecko; Google Page Speed Insights) Chrome/27.0.1453 Safari/537.36"
66.102.8.17 - - [07/Sep/2016:14:46:33 +0200] "GET /js/jquery-1.3.2.min.js HTTP/1.1" 200 20093 "http://www.theglobalreports.com/" "Mozilla/5.0 (X11; Linux x86_64) AppleWebKit/537.36 (KHTML, like Gecko; Google Page Speed Insights) Chrome/27.0.1453 Safari/537.36"
66.102.8.21 - - [07/Sep/2016:14:46:33 +0200] "GET /images/theglobalreports.png HTTP/1.1" 200 26010 "http://www.theglobalreports.com/" "Mozilla/5.0 (X11; Linux x86_64) AppleWebKit/537.36 (KHTML, like Gecko; Google Page Speed Insights) Chrome/27.0.1453 Safari/537.36"
66.102.8.17 - - [07/Sep/2016:14:46:33 +0200] "GET /images/hillary.png HTTP/1.1" 200 199764 "http://www.theglobalreports.com/" "Mozilla/5.0 (X11; Linux x86_64) AppleWebKit/537.36 (KHTML, like Gecko; Google Page Speed Insights) Chrome/27.0.1453 Safari/537.36"
66.102.8.17 - - [07/Sep/2016:14:46:33 +0200] "GET /images/colombia.png HTTP/1.1" 200 175825 "http://www.theglobalreports.com/" "Mozilla/5.0 (X11; Linux x86_64) AppleWebKit/537.36 (KHTML, like Gecko; Google Page Speed Insights) Chrome/27.0.1453 Safari/537.36"
66.102.8.19 - - [07/Sep/2016:14:46:33 +0200] "GET /images/obamaurges.png HTTP/1.1" 200 146650 "http://www.theglobalreports.com/" "Mozilla/5.0 (X11; Linux x86_64) AppleWebKit/537.36 (KHTML, like Gecko; Google Page Speed Insights) Chrome/27.0.1453 Safari/537.36"
66.102.8.17 - - [07/Sep/2016:14:46:33 +0200] "GET /images/duterte.png HTTP/1.1" 200 290867 "http://www.theglobalreports.com/" "Mozilla/5.0 (X11; Linux x86_64) AppleWebKit/537.36 (KHTML, like Gecko; Google Page Speed Insights) Chrome/27.0.1453 Safari/537.36"
66.102.8.19 - - [07/Sep/2016:14:46:33 +0200] "GET /images/obamaxi.png HTTP/1.1" 200 502389 "http://www.theglobalreports.com/" "Mozilla/5.0 (X11; Linux x86_64) AppleWebKit/537.36 (KHTML, like Gecko; Google Page Speed Insights) Chrome/27.0.1453 Safari/537.36"
66.102.8.21 - - [07/Sep/2016:14:46:33 +0200] "GET /images/obama.png HTTP/1.1" 200 227552 "http://www.theglobalreports.com/" "Mozilla/5.0 (X11; Linux x86_64) AppleWebKit/537.36 (KHTML, like Gecko; Google Page Speed Insights) Chrome/27.0.1453 Safari/537.36"
66.102.8.21 - - [07/Sep/2016:14:46:33 +0200] "GET /images/france.png HTTP/1.1" 200 466874 "http://www.theglobalreports.com/" "Mozilla/5.0 (X11; Linux x86_64) AppleWebKit/537.36 (KHTML, like Gecko; Google Page Speed Insights) Chrome/27.0.1453 Safari/537.36"
66.102.8.19 - - [07/Sep/2016:14:46:33 +0200] "GET /images/italy.png HTTP/1.1" 200 513608 "http://www.theglobalreports.com/" "Mozilla/5.0 (X11; Linux x86_64) AppleWebKit/537.36 (KHTML, like Gecko; Google Page Speed Insights) Chrome/27.0.1453 Safari/537.36"
66.102.8.19 - - [07/Sep/2016:14:46:33 +0200] "GET /images/bangla.png HTTP/1.1" 200 423629 "http://www.theglobalreports.com/" "Mozilla/5.0 (X11; Linux x86_64) AppleWebKit/537.36 (KHTML, like Gecko; Google Page Speed Insights) Chrome/27.0.1453 Safari/537.36"
66.102.8.19 - - [07/Sep/2016:14:46:34 +0200] "GET /images/ukraine.png HTTP/1.1" 200 364584 "http://www.theglobalreports.com/" "Mozilla/5.0 (X11; Linux x86_64) AppleWebKit/537.36 (KHTML, like Gecko; Google Page Speed Insights) Chrome/27.0.1453 Safari/537.36"
66.102.8.19 - - [07/Sep/2016:14:46:34 +0200] "GET /images/_thumb..jpg HTTP/1.1" 404 522 "http://www.theglobalreports.com/" "Mozilla/5.0 (X11; Linux x86_64) AppleWebKit/537.36 (KHTML, like Gecko; Google Page Speed Insights) Chrome/27.0.1453 Safari/537.36"
66.102.8.21 - - [07/Sep/2016:14:46:34 +0200] "GET /images/pak-invite.png HTTP/1.1" 200 122043 "http://www.theglobalreports.com/" "Mozilla/5.0 (X11; Linux x86_64) AppleWebKit/537.36 (KHTML, like Gecko; Google Page Speed Insights) Chrome/27.0.1453 Safari/537.36"
66.102.8.17 - - [07/Sep/2016:14:46:34 +0200] "GET /images/trump.png HTTP/1.1" 200 225851 "http://www.theglobalreports.com/" "Mozilla/5.0 (X11; Linux x86_64) AppleWebKit/537.36 (KHTML, like Gecko; Google Page Speed Insights) Chrome/27.0.1453 Safari/537.36"
66.102.8.19 - - [07/Sep/2016:14:46:35 +0200] "GET /images/indepen.jpg HTTP/1.1" 200 65777 "http://www.theglobalreports.com/" "Mozilla/5.0 (X11; Linux x86_64) AppleWebKit/537.36 (KHTML, like Gecko; Google Page Speed Insights) Chrome/27.0.1453 Safari/537.36"
66.102.8.17 - - [07/Sep/2016:14:46:35 +0200] "GET /images/donald.jpeg HTTP/1.1" 200 25163 "http://www.theglobalreports.com/" "Mozilla/5.0 (X11; Linux x86_64) AppleWebKit/537.36 (KHTML, like Gecko; Google Page Speed Insights) Chrome/27.0.1453 Safari/537.36"
66.102.8.17 - - [07/Sep/2016:14:46:35 +0200] "GET /images/modi.png HTTP/1.1" 200 65776 "http://www.theglobalreports.com/" "Mozilla/5.0 (X11; Linux x86_64) AppleWebKit/537.36 (KHTML, like Gecko; Google Page Speed Insights) Chrome/27.0.1453 Safari/537.36"
66.102.8.17 - - [07/Sep/2016:14:46:35 +0200] "GET /images/merkel.png HTTP/1.1" 200 238056 "http://www.theglobalreports.com/" "Mozilla/5.0 (X11; Linux x86_64) AppleWebKit/537.36 (KHTML, like Gecko; Google Page Speed Insights) Chrome/27.0.1453 Safari/537.36"
66.102.8.19 - - [07/Sep/2016:14:46:35 +0200] "GET /images/obamachina.png HTTP/1.1" 200 202118 "http://www.theglobalreports.com/" "Mozilla/5.0 (X11; Linux x86_64) AppleWebKit/537.36 (KHTML, like Gecko; Google Page Speed Insights) Chrome/27.0.1453 Safari/537.36"
66.102.8.17 - - [07/Sep/2016:14:46:36 +0200] "GET /images/background.gif HTTP/1.1" 200 338 "http://www.theglobalreports.com/" "Mozilla/5.0 (X11; Linux x86_64) AppleWebKit/537.36 (KHTML, like Gecko; Google Page Speed Insights) Chrome/27.0.1453 Safari/537.36"
66.102.8.19 - - [07/Sep/2016:14:46:36 +0200] "GET /images/kerala.png HTTP/1.1" 200 195662 "http://www.theglobalreports.com/" "Mozilla/5.0 (X11; Linux x86_64) AppleWebKit/537.36 (KHTML, like Gecko; Google Page Speed Insights) Chrome/27.0.1453 Safari/537.36"
66.102.8.19 - - [07/Sep/2016:14:46:36 +0200] "GET /images/syria.png HTTP/1.1" 200 425490 "http://www.theglobalreports.com/" "Mozilla/5.0 (X11; Linux x86_64) AppleWebKit/537.36 (KHTML, like Gecko; Google Page Speed Insights) Chrome/27.0.1453 Safari/537.36"
::1 - - [07/Sep/2016:14:46:38 +0200] "OPTIONS * HTTP/1.0" 200 126 "-" "Apache/2.4.12 (Ubuntu) (internal dummy connection)"
::1 - - [07/Sep/2016:14:46:39 +0200] "OPTIONS * HTTP/1.0" 200 126 "-" "Apache/2.4.12 (Ubuntu) (internal dummy connection)"
::1 - - [07/Sep/2016:14:46:40 +0200] "OPTIONS * HTTP/1.0" 200 126 "-" "Apache/2.4.12 (Ubuntu) (internal dummy connection)"
::1 - - [07/Sep/2016:14:46:41 +0200] "OPTIONS * HTTP/1.0" 200 126 "-" "Apache/2.4.12 (Ubuntu) (internal dummy connection)"
::1 - - [07/Sep/2016:14:46:42 +0200] "OPTIONS * HTTP/1.0" 200 126 "-" "Apache/2.4.12 (Ubuntu) (internal dummy connection)"
::1 - - [07/Sep/2016:14:46:43 +0200] "OPTIONS * HTTP/1.0" 200 126 "-" "Apache/2.4.12 (Ubuntu) (internal dummy connection)"
::1 - - [07/Sep/2016:14:46:44 +0200] "OPTIONS * HTTP/1.0" 200 126 "-" "Apache/2.4.12 (Ubuntu) (internal dummy connection)"
::1 - - [07/Sep/2016:14:46:45 +0200] "OPTIONS * HTTP/1.0" 200 126 "-" "Apache/2.4.12 (Ubuntu) (internal dummy connection)"
::1 - - [07/Sep/2016:14:46:46 +0200] "OPTIONS * HTTP/1.0" 200 126 "-" "Apache/2.4.12 (Ubuntu) (internal dummy connection)"
::1 - - [07/Sep/2016:14:46:47 +0200] "OPTIONS * HTTP/1.0" 200 126 "-" "Apache/2.4.12 (Ubuntu) (internal dummy connection)"
::1 - - [07/Sep/2016:14:46:48 +0200] "OPTIONS * HTTP/1.0" 200 126 "-" "Apache/2.4.12 (Ubuntu) (internal dummy connection)"
::1 - - [07/Sep/2016:14:46:49 +0200] "OPTIONS * HTTP/1.0" 200 126 "-" "Apache/2.4.12 (Ubuntu) (internal dummy connection)"
::1 - - [07/Sep/2016:14:46:50 +0200] "OPTIONS * HTTP/1.0" 200 126 "-" "Apache/2.4.12 (Ubuntu) (internal dummy connection)"
66.102.8.139 - - [07/Sep/2016:14:46:51 +0200] "GET / HTTP/1.1" 301 595 "-" "Mozilla/5.0 (X11; Linux x86_64) AppleWebKit/537.36 (KHTML, like Gecko; Google Page Speed Insights) Chrome/27.0.1453 Safari/537.36"
66.102.8.17 - - [07/Sep/2016:14:46:51 +0200] "GET / HTTP/1.1" 200 20413 "-" "Mozilla/5.0 (X11; Linux x86_64) AppleWebKit/537.36 (KHTML, like Gecko; Google Page Speed Insights) Chrome/27.0.1453 Safari/537.36"
66.102.8.17 - - [07/Sep/2016:14:46:52 +0200] "GET /js/jquery-1.3.2.min.js HTTP/1.1" 200 20092 "http://www.theglobalreports.com/" "Mozilla/5.0 (X11; Linux x86_64) AppleWebKit/537.36 (KHTML, like Gecko; Google Page Speed Insights) Chrome/27.0.1453 Safari/537.36"
66.102.8.19 - - [07/Sep/2016:14:46:52 +0200] "GET /style.css HTTP/1.1" 200 2756 "http://www.theglobalreports.com/" "Mozilla/5.0 (X11; Linux x86_64) AppleWebKit/537.36 (KHTML, like Gecko; Google Page Speed Insights) Chrome/27.0.1453 Safari/537.36"
66.102.8.21 - - [07/Sep/2016:14:46:52 +0200] "GET /js/script.js HTTP/1.1" 200 642 "http://www.theglobalreports.com/" "Mozilla/5.0 (X11; Linux x86_64) AppleWebKit/537.36 (KHTML, like Gecko; Google Page Speed Insights) Chrome/27.0.1453 Safari/537.36"
66.102.8.17 - - [07/Sep/2016:14:46:52 +0200] "GET /js/jquery.cycle.all.min.js HTTP/1.1" 200 7184 "http://www.theglobalreports.com/" "Mozilla/5.0 (X11; Linux x86_64) AppleWebKit/537.36 (KHTML, like Gecko; Google Page Speed Insights) Chrome/27.0.1453 Safari/537.36"
66.102.8.21 - - [07/Sep/2016:14:46:53 +0200] "GET /images/background.gif HTTP/1.1" 200 338 "http://www.theglobalreports.com/" "Mozilla/5.0 (X11; Linux x86_64) AppleWebKit/537.36 (KHTML, like Gecko; Google Page Speed Insights) Chrome/27.0.1453 Safari/537.36"
66.102.8.21 - - [07/Sep/2016:14:46:53 +0200] "GET /images/theglobalreports.png HTTP/1.1" 200 26011 "http://www.theglobalreports.com/" "Mozilla/5.0 (X11; Linux x86_64) AppleWebKit/537.36 (KHTML, like Gecko; Google Page Speed Insights) Chrome/27.0.1453 Safari/537.36"
66.102.8.17 - - [07/Sep/2016:14:46:53 +0200] "GET /images/colombia.png HTTP/1.1" 200 175825 "http://www.theglobalreports.com/" "Mozilla/5.0 (X11; Linux x86_64) AppleWebKit/537.36 (KHTML, like Gecko; Google Page Speed Insights) Chrome/27.0.1453 Safari/537.36"
66.102.8.19 - - [07/Sep/2016:14:46:53 +0200] "GET /images/modi.png HTTP/1.1" 200 65776 "http://www.theglobalreports.com/" "Mozilla/5.0 (X11; Linux x86_64) AppleWebKit/537.36 (KHTML, like Gecko; Google Page Speed Insights) Chrome/27.0.1453 Safari/537.36"
66.102.8.19 - - [07/Sep/2016:14:46:53 +0200] "GET /images/indepen.jpg HTTP/1.1" 200 65777 "http://www.theglobalreports.com/" "Mozilla/5.0 (X11; Linux x86_64) AppleWebKit/537.36 (KHTML, like Gecko; Google Page Speed Insights) Chrome/27.0.1453 Safari/537.36"
66.102.8.19 - - [07/Sep/2016:14:46:53 +0200] "GET /images/obamachina.png HTTP/1.1" 200 202117 "http://www.theglobalreports.com/" "Mozilla/5.0 (X11; Linux x86_64) AppleWebKit/537.36 (KHTML, like Gecko; Google Page Speed Insights) Chrome/27.0.1453 Safari/537.36"
66.102.8.17 - - [07/Sep/2016:14:46:53 +0200] "GET /images/pak-invite.png HTTP/1.1" 200 122042 "http://www.theglobalreports.com/" "Mozilla/5.0 (X11; Linux x86_64) AppleWebKit/537.36 (KHTML, like Gecko; Google Page Speed Insights) Chrome/27.0.1453 Safari/537.36"
66.102.8.19 - - [07/Sep/2016:14:46:53 +0200] "GET /images/obamaurges.png HTTP/1.1" 200 146650 "http://www.theglobalreports.com/" "Mozilla/5.0 (X11; Linux x86_64) AppleWebKit/537.36 (KHTML, like Gecko; Google Page Speed Insights) Chrome/27.0.1453 Safari/537.36"
66.102.8.21 - - [07/Sep/2016:14:46:53 +0200] "GET /images/syria.png HTTP/1.1" 200 425489 "http://www.theglobalreports.com/" "Mozilla/5.0 (X11; Linux x86_64) AppleWebKit/537.36 (KHTML, like Gecko; Google Page Speed Insights) Chrome/27.0.1453 Safari/537.36"
66.102.8.21 - - [07/Sep/2016:14:46:53 +0200] "GET /images/duterte.png HTTP/1.1" 200 290868 "http://www.theglobalreports.com/" "Mozilla/5.0 (X11; Linux x86_64) AppleWebKit/537.36 (KHTML, like Gecko; Google Page Speed Insights) Chrome/27.0.1453 Safari/537.36"
66.102.8.19 - - [07/Sep/2016:14:46:53 +0200] "GET /images/france.png HTTP/1.1" 200 466874 "http://www.theglobalreports.com/" "Mozilla/5.0 (X11; Linux x86_64) AppleWebKit/537.36 (KHTML, like Gecko; Google Page Speed Insights) Chrome/27.0.1453 Safari/537.36"
66.102.8.19 - - [07/Sep/2016:14:46:54 +0200] "GET /images/_thumb..jpg HTTP/1.1" 404 522 "http://www.theglobalreports.com/" "Mozilla/5.0 (X11; Linux x86_64) AppleWebKit/537.36 (KHTML, like Gecko; Google Page Speed Insights) Chrome/27.0.1453 Safari/537.36"
66.102.8.19 - - [07/Sep/2016:14:46:54 +0200] "GET /images/ukraine.png HTTP/1.1" 200 364584 "http://www.theglobalreports.com/" "Mozilla/5.0 (X11; Linux x86_64) AppleWebKit/537.36 (KHTML, like Gecko; Google Page Speed Insights) Chrome/27.0.1453 Safari/537.36"
66.102.8.21 - - [07/Sep/2016:14:46:53 +0200] "GET /images/kerala.png HTTP/1.1" 200 195662 "http://www.theglobalreports.com/" "Mozilla/5.0 (X11; Linux x86_64) AppleWebKit/537.36 (KHTML, like Gecko; Google Page Speed Insights) Chrome/27.0.1453 Safari/537.36"
66.102.8.21 - - [07/Sep/2016:14:46:54 +0200] "GET /images/obamaxi.png HTTP/1.1" 200 502390 "http://www.theglobalreports.com/" "Mozilla/5.0 (X11; Linux x86_64) AppleWebKit/537.36 (KHTML, like Gecko; Google Page Speed Insights) Chrome/27.0.1453 Safari/537.36"
66.102.8.19 - - [07/Sep/2016:14:46:54 +0200] "GET /images/italy.png HTTP/1.1" 200 513608 "http://www.theglobalreports.com/" "Mozilla/5.0 (X11; Linux x86_64) AppleWebKit/537.36 (KHTML, like Gecko; Google Page Speed Insights) Chrome/27.0.1453 Safari/537.36"
66.102.8.21 - - [07/Sep/2016:14:46:55 +0200] "GET /images/hillary.png HTTP/1.1" 200 199765 "http://www.theglobalreports.com/" "Mozilla/5.0 (X11; Linux x86_64) AppleWebKit/537.36 (KHTML, like Gecko; Google Page Speed Insights) Chrome/27.0.1453 Safari/537.36"
66.102.8.17 - - [07/Sep/2016:14:46:56 +0200] "GET /images/donald.jpeg HTTP/1.1" 200 25163 "http://www.theglobalreports.com/" "Mozilla/5.0 (X11; Linux x86_64) AppleWebKit/537.36 (KHTML, like Gecko; Google Page Speed Insights) Chrome/27.0.1453 Safari/537.36"
66.102.8.19 - - [07/Sep/2016:14:46:56 +0200] "GET /images/merkel.png HTTP/1.1" 200 238056 "http://www.theglobalreports.com/" "Mozilla/5.0 (X11; Linux x86_64) AppleWebKit/537.36 (KHTML, like Gecko; Google Page Speed Insights) Chrome/27.0.1453 Safari/537.36"
66.102.8.19 - - [07/Sep/2016:14:46:56 +0200] "GET /images/trump.png HTTP/1.1" 200 225851 "http://www.theglobalreports.com/" "Mozilla/5.0 (X11; Linux x86_64) AppleWebKit/537.36 (KHTML, like Gecko; Google Page Speed Insights) Chrome/27.0.1453 Safari/537.36"
66.102.8.21 - - [07/Sep/2016:14:46:56 +0200] "GET /images/obama.png HTTP/1.1" 200 227552 "http://www.theglobalreports.com/" "Mozilla/5.0 (X11; Linux x86_64) AppleWebKit/537.36 (KHTML, like Gecko; Google Page Speed Insights) Chrome/27.0.1453 Safari/537.36"
66.102.8.21 - - [07/Sep/2016:14:46:57 +0200] "GET /images/bangla.png HTTP/1.1" 200 423629 "http://www.theglobalreports.com/" "Mozilla/5.0 (X11; Linux x86_64) AppleWebKit/537.36 (KHTML, like Gecko; Google Page Speed Insights) Chrome/27.0.1453 Safari/537.36"
::1 - - [07/Sep/2016:14:46:58 +0200] "OPTIONS * HTTP/1.0" 200 126 "-" "Apache/2.4.12 (Ubuntu) (internal dummy connection)"
::1 - - [07/Sep/2016:14:46:59 +0200] "OPTIONS * HTTP/1.0" 200 126 "-" "Apache/2.4.12 (Ubuntu) (internal dummy connection)"
::1 - - [07/Sep/2016:14:47:00 +0200] "OPTIONS * HTTP/1.0" 200 126 "-" "Apache/2.4.12 (Ubuntu) (internal dummy connection)"
::1 - - [07/Sep/2016:14:47:01 +0200] "OPTIONS * HTTP/1.0" 200 126 "-" "Apache/2.4.12 (Ubuntu) (internal dummy connection)"
::1 - - [07/Sep/2016:14:47:02 +0200] "OPTIONS * HTTP/1.0" 200 126 "-" "Apache/2.4.12 (Ubuntu) (internal dummy connection)"
::1 - - [07/Sep/2016:14:47:03 +0200] "OPTIONS * HTTP/1.0" 200 126 "-" "Apache/2.4.12 (Ubuntu) (internal dummy connection)"
::1 - - [07/Sep/2016:14:47:04 +0200] "OPTIONS * HTTP/1.0" 200 126 "-" "Apache/2.4.12 (Ubuntu) (internal dummy connection)"
::1 - - [07/Sep/2016:14:47:05 +0200] "OPTIONS * HTTP/1.0" 200 126 "-" "Apache/2.4.12 (Ubuntu) (internal dummy connection)"
::1 - - [07/Sep/2016:14:47:06 +0200] "OPTIONS * HTTP/1.0" 200 126 "-" "Apache/2.4.12 (Ubuntu) (internal dummy connection)"
::1 - - [07/Sep/2016:14:47:07 +0200] "OPTIONS * HTTP/1.0" 200 126 "-" "Apache/2.4.12 (Ubuntu) (internal dummy connection)"
::1 - - [07/Sep/2016:14:47:08 +0200] "OPTIONS * HTTP/1.0" 200 126 "-" "Apache/2.4.12 (Ubuntu) (internal dummy connection)"
::1 - - [07/Sep/2016:14:47:09 +0200] "OPTIONS * HTTP/1.0" 200 126 "-" "Apache/2.4.12 (Ubuntu) (internal dummy connection)"
::1 - - [07/Sep/2016:14:47:10 +0200] "OPTIONS * HTTP/1.0" 200 126 "-" "Apache/2.4.12 (Ubuntu) (internal dummy connection)"
::1 - - [07/Sep/2016:14:47:11 +0200] "OPTIONS * HTTP/1.0" 200 126 "-" "Apache/2.4.12 (Ubuntu) (internal dummy connection)"
::1 - - [07/Sep/2016:14:47:12 +0200] "OPTIONS * HTTP/1.0" 200 126 "-" "Apache/2.4.12 (Ubuntu) (internal dummy connection)"
::1 - - [07/Sep/2016:14:47:13 +0200] "OPTIONS * HTTP/1.0" 200 126 "-" "Apache/2.4.12 (Ubuntu) (internal dummy connection)"
::1 - - [07/Sep/2016:14:47:14 +0200] "OPTIONS * HTTP/1.0" 200 126 "-" "Apache/2.4.12 (Ubuntu) (internal dummy connection)"
66.249.64.227 - - [07/Sep/2016:14:52:17 +0200] "GET /sports/ HTTP/1.1" 200 5487 "-" "Mozilla/5.0 (Linux; Android 6.0.1; Nexus 5X Build/MMB29P) AppleWebKit/537.36 (KHTML, like Gecko) Chrome/41.0.2272.96 Mobile Safari/537.36 (compatible; Googlebot/2.1; +http://www.google.com/bot.html)"
198.16.7.150 - - [07/Sep/2016:15:01:13 +0200] "GET / HTTP/1.1" 200 31279 "-" "FreeWebMonitoring SiteChecker/0.2 (+http://www.freewebmonitoring.com/bot.html)"
66.220.146.27 - - [07/Sep/2016:15:42:52 +0200] "GET /images/bangla.png HTTP/1.1" 200 423629 "-" "facebookexternalhit/1.1 (+http://www.facebook.com/externalhit_uatext.php)"
198.16.7.150 - - [07/Sep/2016:16:02:22 +0200] "GET / HTTP/1.1" 200 31279 "-" "FreeWebMonitoring SiteChecker/0.2 (+http://www.freewebmonitoring.com/bot.html)"
66.249.64.227 - - [07/Sep/2016:16:07:13 +0200] "GET /opinion/20160823-opinion.php HTTP/1.1" 200 8902 "-" "Mozilla/5.0 (compatible; Googlebot/2.1; +http://www.google.com/bot.html)"
5.255.251.28 - - [07/Sep/2016:16:11:23 +0200] "GET /robots.txt HTTP/1.1" 200 388 "-" "Mozilla/5.0 (compatible; YandexBot/3.0; +http://yandex.com/bots)"
5.255.251.28 - - [07/Sep/2016:16:11:27 +0200] "GET /featured/20160906-duterte-obama.php HTTP/1.1" 200 4747 "-" "Mozilla/5.0 (compatible; YandexBot/3.0; +http://yandex.com/bots)"
5.255.251.28 - - [07/Sep/2016:16:11:31 +0200] "GET / HTTP/1.1" 200 18437 "-" "Mozilla/5.0 (compatible; YandexBot/3.0; +http://yandex.com/bots)"
151.80.109.148 - - [07/Sep/2016:16:13:49 +0200] "GET /featured/20160824-bangladesh-crackdown.php HTTP/1.1" 200 4704 "-" "Mozilla/4.0 (compatible; MSIE 6.0; MSIE 5.5; Windows NT 5.0) Opera 7.02 Bork-edition [en]"
173.252.88.95 - - [07/Sep/2016:16:21:56 +0200] "GET /images/ukraine.png HTTP/1.1" 200 364585 "-" "facebookexternalhit/1.1 (+http://www.facebook.com/externalhit_uatext.php)"
66.220.158.104 - - [07/Sep/2016:16:21:56 +0200] "GET /images/france.png HTTP/1.1" 200 466874 "-" "facebookexternalhit/1.1 (+http://www.facebook.com/externalhit_uatext.php)"
173.252.88.189 - - [07/Sep/2016:16:21:57 +0200] "GET /images/hillary.png HTTP/1.1" 200 199765 "-" "facebookexternalhit/1.1 (+http://www.facebook.com/externalhit_uatext.php)"
173.252.90.249 - - [07/Sep/2016:16:21:57 +0200] "GET /images/bangla.png HTTP/1.1" 200 423629 "-" "facebookexternalhit/1.1 (+http://www.facebook.com/externalhit_uatext.php)"
66.220.146.28 - - [07/Sep/2016:16:21:56 +0200] "GET /images/italy.png HTTP/1.1" 200 513608 "-" "facebookexternalhit/1.1 (+http://www.facebook.com/externalhit_uatext.php)"
141.212.122.49 - - [07/Sep/2016:17:01:11 +0200] "GET / HTTP/1.1" 301 527 "-" "Mozilla/5.0 zgrab/0.x"
198.16.7.150 - - [07/Sep/2016:17:02:52 +0200] "GET / HTTP/1.1" 200 31279 "-" "FreeWebMonitoring SiteChecker/0.2 (+http://www.freewebmonitoring.com/bot.html)"
66.249.64.223 - - [07/Sep/2016:17:02:56 +0200] "GET /sitemap.xml HTTP/1.1" 304 182 "-" "Mozilla/5.0 (compatible; Googlebot/2.1; +http://www.google.com/bot.html)"
192.99.10.173 - - [07/Sep/2016:17:10:54 +0200] "GET / HTTP/1.1" 200 75770 "-" "Mozilla/5.0 (Windows NT 10.0; WOW64; rv:42.0) Gecko/20100101 Firefox/42.0"
38.99.82.192 - - [07/Sep/2016:17:21:36 +0200] "GET /robots.txt HTTP/1.1" 200 433 "-" "Mozilla/5.0"
38.99.82.192 - - [07/Sep/2016:17:21:48 +0200] "GET / HTTP/1.1" 200 20116 "-" "Mozilla/5.0 (X11; U; Linux x86_64; en-US) AppleWebKit/533.3 (KHTML, like Gecko) Qt/4.7.1 Safari/533.3"
38.99.82.191 - - [07/Sep/2016:17:21:59 +0200] "GET /js/script.js HTTP/1.1" 200 642 "http://www.theglobalreports.com/" "Mozilla/5.0 (X11; U; Linux x86_64; en-US) AppleWebKit/533.3 (KHTML, like Gecko) Qt/4.7.1 Safari/533.3"
38.99.82.191 - - [07/Sep/2016:17:21:59 +0200] "GET /style.css HTTP/1.1" 200 2756 "http://www.theglobalreports.com/" "Mozilla/5.0 (X11; U; Linux x86_64; en-US) AppleWebKit/533.3 (KHTML, like Gecko) Qt/4.7.1 Safari/533.3"
38.99.82.191 - - [07/Sep/2016:17:21:59 +0200] "GET /js/jquery-1.3.2.min.js HTTP/1.1" 200 20093 "http://www.theglobalreports.com/" "Mozilla/5.0 (X11; U; Linux x86_64; en-US) AppleWebKit/533.3 (KHTML, like Gecko) Qt/4.7.1 Safari/533.3"
38.99.82.191 - - [07/Sep/2016:17:21:59 +0200] "GET /js/jquery.cycle.all.min.js HTTP/1.1" 200 7184 "http://www.theglobalreports.com/" "Mozilla/5.0 (X11; U; Linux x86_64; en-US) AppleWebKit/533.3 (KHTML, like Gecko) Qt/4.7.1 Safari/533.3"
38.99.82.192 - - [07/Sep/2016:17:22:18 +0200] "GET /js/jquery.cycle.all.min.js HTTP/1.1" 200 7184 "http://www.theglobalreports.com/" "Mozilla/5.0 (X11; U; Linux x86_64; en-US) AppleWebKit/533.3 (KHTML, like Gecko) Qt/4.7.1 Safari/533.3"
38.99.82.191 - - [07/Sep/2016:17:22:27 +0200] "GET /robots.txt HTTP/1.1" 301 615 "-" "Mozilla/5.0"
38.99.82.191 - - [07/Sep/2016:17:22:48 +0200] "GET /js/script.js HTTP/1.1" 200 642 "http://www.theglobalreports.com/" "Mozilla/5.0 (X11; U; Linux x86_64; en-US) AppleWebKit/533.3 (KHTML, like Gecko) Qt/4.7.1 Safari/533.3"
38.99.82.191 - - [07/Sep/2016:17:25:29 +0200] "GET / HTTP/1.1" 301 595 "-" "Mozilla/5.0 (X11; U; Linux x86_64; en-US) AppleWebKit/533.3 (KHTML, like Gecko) Qt/4.7.1 Safari/533.3"
38.99.82.191 - - [07/Sep/2016:17:25:30 +0200] "GET /robots.txt HTTP/1.1" 301 615 "-" "Mozilla/5.0"
38.99.82.191 - - [07/Sep/2016:17:25:32 +0200] "GET / HTTP/1.1" 301 595 "-" "Mozilla/5.0 (X11; U; Linux x86_64; en-US) AppleWebKit/533.3 (KHTML, like Gecko) Qt/4.7.1 Safari/533.3"
5.255.251.28 - - [07/Sep/2016:17:28:17 +0200] "GET /featured/20160901-no-amnesty-immigrants-trump.php HTTP/1.1" 200 6612 "-" "Mozilla/5.0 (compatible; YandexBot/3.0; +http://yandex.com/bots)"
38.99.82.192 - - [07/Sep/2016:17:28:33 +0200] "GET / HTTP/1.1" 301 595 "-" "Mozilla/5.0 (X11; U; Linux x86_64; en-US) AppleWebKit/533.3 (KHTML, like Gecko) Qt/4.7.1 Safari/533.3"
162.210.196.100 - - [07/Sep/2016:17:29:25 +0200] "GET /robots.txt HTTP/1.0" 200 351 "-" "Mozilla/5.0 (compatible; MJ12bot/v1.4.5; http://www.majestic12.co.uk/bot.php?+)"
162.210.196.100 - - [07/Sep/2016:17:29:26 +0200] "GET /books//%22http://www.theplanetreports.com/redirecturl.php?url=http://www.theplanetreports.com%5C%22 HTTP/1.0" 404 528 "-" "Mozilla/5.0 (compatible; MJ12bot/v1.4.5; http://www.majestic12.co.uk/bot.php?+)"
162.210.196.100 - - [07/Sep/2016:17:29:28 +0200] "GET /books/index.php HTTP/1.0" 200 6173 "-" "Mozilla/5.0 (compatible; MJ12bot/v1.4.5; http://www.majestic12.co.uk/bot.php?+)"
162.210.196.100 - - [07/Sep/2016:17:29:30 +0200] "GET /celebrity HTTP/1.0" 301 582 "-" "Mozilla/5.0 (compatible; MJ12bot/v1.4.5; http://www.majestic12.co.uk/bot.php?+)"
162.210.196.100 - - [07/Sep/2016:17:29:32 +0200] "GET /celebrity/ HTTP/1.0" 200 13177 "-" "Mozilla/5.0 (compatible; MJ12bot/v1.4.5; http://www.majestic12.co.uk/bot.php?+)"
162.210.196.100 - - [07/Sep/2016:17:29:34 +0200] "GET /contact.php HTTP/1.0" 200 4687 "-" "Mozilla/5.0 (compatible; MJ12bot/v1.4.5; http://www.majestic12.co.uk/bot.php?+)"
162.210.196.100 - - [07/Sep/2016:17:29:36 +0200] "GET /cricket HTTP/1.0" 301 578 "-" "Mozilla/5.0 (compatible; MJ12bot/v1.4.5; http://www.majestic12.co.uk/bot.php?+)"
162.210.196.100 - - [07/Sep/2016:17:29:38 +0200] "GET /cricket/ HTTP/1.0" 200 5321 "-" "Mozilla/5.0 (compatible; MJ12bot/v1.4.5; http://www.majestic12.co.uk/bot.php?+)"
162.210.196.100 - - [07/Sep/2016:17:29:40 +0200] "GET /entertainment HTTP/1.0" 301 590 "-" "Mozilla/5.0 (compatible; MJ12bot/v1.4.5; http://www.majestic12.co.uk/bot.php?+)"
162.210.196.100 - - [07/Sep/2016:17:29:42 +0200] "GET /entertainment/ HTTP/1.0" 200 11351 "-" "Mozilla/5.0 (compatible; MJ12bot/v1.4.5; http://www.majestic12.co.uk/bot.php?+)"
38.99.82.192 - - [07/Sep/2016:17:29:43 +0200] "GET /robots.txt HTTP/1.1" 200 433 "-" "Mozilla/5.0"
162.210.196.100 - - [07/Sep/2016:17:29:44 +0200] "GET /featured/Hindustantimes HTTP/1.0" 404 491 "-" "Mozilla/5.0 (compatible; MJ12bot/v1.4.5; http://www.majestic12.co.uk/bot.php?+)"
162.210.196.100 - - [07/Sep/2016:17:29:45 +0200] "GET /featured/Theguardian HTTP/1.0" 404 488 "-" "Mozilla/5.0 (compatible; MJ12bot/v1.4.5; http://www.majestic12.co.uk/bot.php?+)"
162.210.196.100 - - [07/Sep/2016:17:29:47 +0200] "GET /featured/TimesofIndia HTTP/1.0" 404 489 "-" "Mozilla/5.0 (compatible; MJ12bot/v1.4.5; http://www.majestic12.co.uk/bot.php?+)"
162.210.196.100 - - [07/Sep/2016:17:29:49 +0200] "GET /feedback.php HTTP/1.0" 200 4447 "-" "Mozilla/5.0 (compatible; MJ12bot/v1.4.5; http://www.majestic12.co.uk/bot.php?+)"
162.210.196.100 - - [07/Sep/2016:17:29:51 +0200] "GET /headlines HTTP/1.0" 301 582 "-" "Mozilla/5.0 (compatible; MJ12bot/v1.4.5; http://www.majestic12.co.uk/bot.php?+)"
162.210.196.100 - - [07/Sep/2016:17:29:53 +0200] "GET /headlines/ HTTP/1.0" 200 7432 "-" "Mozilla/5.0 (compatible; MJ12bot/v1.4.5; http://www.majestic12.co.uk/bot.php?+)"
162.210.196.100 - - [07/Sep/2016:17:29:58 +0200] "GET /index.php HTTP/1.0" 200 20233 "-" "Mozilla/5.0 (compatible; MJ12bot/v1.4.5; http://www.majestic12.co.uk/bot.php?+)"
162.210.196.100 - - [07/Sep/2016:17:30:16 +0200] "GET /lifestyle HTTP/1.0" 301 582 "-" "Mozilla/5.0 (compatible; MJ12bot/v1.4.5; http://www.majestic12.co.uk/bot.php?+)"
162.210.196.100 - - [07/Sep/2016:17:30:18 +0200] "GET /lifestyle/ HTTP/1.0" 200 5740 "-" "Mozilla/5.0 (compatible; MJ12bot/v1.4.5; http://www.majestic12.co.uk/bot.php?+)"
162.210.196.100 - - [07/Sep/2016:17:30:20 +0200] "GET /nepal HTTP/1.0" 301 574 "-" "Mozilla/5.0 (compatible; MJ12bot/v1.4.5; http://www.majestic12.co.uk/bot.php?+)"
162.210.196.100 - - [07/Sep/2016:17:30:22 +0200] "GET /nepal/ HTTP/1.0" 200 6610 "-" "Mozilla/5.0 (compatible; MJ12bot/v1.4.5; http://www.majestic12.co.uk/bot.php?+)"
162.210.196.100 - - [07/Sep/2016:17:30:25 +0200] "GET /opinion HTTP/1.0" 301 578 "-" "Mozilla/5.0 (compatible; MJ12bot/v1.4.5; http://www.majestic12.co.uk/bot.php?+)"
162.210.196.100 - - [07/Sep/2016:17:30:26 +0200] "GET /opinion/ HTTP/1.0" 200 7484 "-" "Mozilla/5.0 (compatible; MJ12bot/v1.4.5; http://www.majestic12.co.uk/bot.php?+)"
162.210.196.100 - - [07/Sep/2016:17:30:28 +0200] "GET /opinion/20160817-opinion.php HTTP/1.0" 200 12829 "-" "Mozilla/5.0 (compatible; MJ12bot/v1.4.5; http://www.majestic12.co.uk/bot.php?+)"
162.210.196.100 - - [07/Sep/2016:17:30:30 +0200] "GET /opinion/20160821-opinion.php HTTP/1.0" 200 8202 "-" "Mozilla/5.0 (compatible; MJ12bot/v1.4.5; http://www.majestic12.co.uk/bot.php?+)"
162.210.196.100 - - [07/Sep/2016:17:30:32 +0200] "GET /opinion/20160824-opinion.php HTTP/1.0" 200 6918 "-" "Mozilla/5.0 (compatible; MJ12bot/v1.4.5; http://www.majestic12.co.uk/bot.php?+)"
162.210.196.100 - - [07/Sep/2016:17:30:34 +0200] "GET /opinion/20160830-opinion.php HTTP/1.0" 200 8013 "-" "Mozilla/5.0 (compatible; MJ12bot/v1.4.5; http://www.majestic12.co.uk/bot.php?+)"
162.210.196.100 - - [07/Sep/2016:17:30:36 +0200] "GET /opinion/20160901-opinion.php HTTP/1.0" 200 7379 "-" "Mozilla/5.0 (compatible; MJ12bot/v1.4.5; http://www.majestic12.co.uk/bot.php?+)"
162.210.196.100 - - [07/Sep/2016:17:30:39 +0200] "GET /science HTTP/1.0" 301 578 "-" "Mozilla/5.0 (compatible; MJ12bot/v1.4.5; http://www.majestic12.co.uk/bot.php?+)"
162.210.196.100 - - [07/Sep/2016:17:30:40 +0200] "GET /science/ HTTP/1.0" 200 5140 "-" "Mozilla/5.0 (compatible; MJ12bot/v1.4.5; http://www.majestic12.co.uk/bot.php?+)"
162.210.196.100 - - [07/Sep/2016:17:30:43 +0200] "GET /sitemap.xml HTTP/1.0" 200 1283 "-" "Mozilla/5.0 (compatible; MJ12bot/v1.4.5; http://www.majestic12.co.uk/bot.php?+)"
162.210.196.100 - - [07/Sep/2016:17:30:44 +0200] "GET /technology HTTP/1.0" 301 584 "-" "Mozilla/5.0 (compatible; MJ12bot/v1.4.5; http://www.majestic12.co.uk/bot.php?+)"
162.210.196.100 - - [07/Sep/2016:17:30:46 +0200] "GET /technology/ HTTP/1.0" 200 8945 "-" "Mozilla/5.0 (compatible; MJ12bot/v1.4.5; http://www.majestic12.co.uk/bot.php?+)"
162.210.196.100 - - [07/Sep/2016:17:30:48 +0200] "GET /world HTTP/1.0" 301 574 "-" "Mozilla/5.0 (compatible; MJ12bot/v1.4.5; http://www.majestic12.co.uk/bot.php?+)"
162.210.196.100 - - [07/Sep/2016:17:30:50 +0200] "GET /world/ HTTP/1.0" 200 5207 "-" "Mozilla/5.0 (compatible; MJ12bot/v1.4.5; http://www.majestic12.co.uk/bot.php?+)"
38.99.82.191 - - [07/Sep/2016:17:31:28 +0200] "GET /robots.txt HTTP/1.1" 301 615 "-" "Mozilla/5.0"
5.255.251.28 - - [07/Sep/2016:17:32:06 +0200] "GET /featured/20160903-obama-xi-climate-deal.php HTTP/1.1" 200 7689 "-" "Mozilla/5.0 (compatible; YandexBot/3.0; +http://yandex.com/bots)"
198.16.7.150 - - [07/Sep/2016:18:04:12 +0200] "GET / HTTP/1.1" 200 31279 "-" "FreeWebMonitoring SiteChecker/0.2 (+http://www.freewebmonitoring.com/bot.html)"
157.55.39.182 - - [07/Sep/2016:18:05:46 +0200] "GET /opinion/20160902-opinion.php HTTP/1.1" 200 13727 "-" "Mozilla/5.0 (compatible; bingbot/2.0; +http://www.bing.com/bingbot.htm)"
66.249.64.223 - - [07/Sep/2016:18:16:52 +0200] "GET /opinion/20160906-opinion.php HTTP/1.1" 200 7530 "-" "Mozilla/5.0 (compatible; Googlebot/2.1; +http://www.google.com/bot.html)"
180.76.15.7 - - [07/Sep/2016:18:51:56 +0200] "GET /robots.txt HTTP/1.1" 301 578 "-" "Mozilla/5.0 (Windows NT 5.1; rv:6.0.2) Gecko/20100101 Firefox/6.0.2"
180.76.15.146 - - [07/Sep/2016:18:51:56 +0200] "GET /robots.txt HTTP/1.1" 301 578 "-" "Mozilla/5.0 (Windows NT 5.1; rv:6.0.2) Gecko/20100101 Firefox/6.0.2"
180.76.15.160 - - [07/Sep/2016:18:51:56 +0200] "GET /robots.txt HTTP/1.1" 200 396 "-" "Mozilla/5.0 (Windows NT 5.1; rv:6.0.2) Gecko/20100101 Firefox/6.0.2"
180.76.15.157 - - [07/Sep/2016:18:51:56 +0200] "GET /robots.txt HTTP/1.1" 200 396 "-" "Mozilla/5.0 (Windows NT 5.1; rv:6.0.2) Gecko/20100101 Firefox/6.0.2"
180.76.15.149 - - [07/Sep/2016:18:51:57 +0200] "GET /robots.txt HTTP/1.1" 200 396 "-" "Mozilla/5.0 (Windows NT 5.1; rv:6.0.2) Gecko/20100101 Firefox/6.0.2"
180.76.15.30 - - [07/Sep/2016:18:54:04 +0200] "GET / HTTP/1.1" 301 558 "-" "Mozilla/5.0 (compatible; Baiduspider/2.0; +http://www.baidu.com/search/spider.html)"
180.76.15.142 - - [07/Sep/2016:18:54:05 +0200] "GET / HTTP/1.1" 200 18331 "-" "Mozilla/5.0 (compatible; Baiduspider/2.0; +http://www.baidu.com/search/spider.html)"
180.76.15.27 - - [07/Sep/2016:18:54:21 +0200] "GET /featured/20160907-syrian-opposition-coalition.php HTTP/1.1" 200 7468 "-" "Mozilla/5.0 (compatible; Baiduspider/2.0; +http://www.baidu.com/search/spider.html)"
5.255.251.28 - - [07/Sep/2016:18:59:24 +0200] "GET /featured/20160902-france-dismantle-jungle.php HTTP/1.1" 200 4819 "-" "Mozilla/5.0 (compatible; YandexBot/3.0; +http://yandex.com/bots)"
198.16.7.150 - - [07/Sep/2016:19:05:45 +0200] "GET / HTTP/1.1" 200 31279 "-" "FreeWebMonitoring SiteChecker/0.2 (+http://www.freewebmonitoring.com/bot.html)"
66.249.93.152 - - [07/Sep/2016:19:18:40 +0200] "GET /favicon.ico HTTP/1.1" 404 516 "-" "Mozilla/5.0 (X11; Linux x86_64) AppleWebKit/537.36 (KHTML, like Gecko) Chrome/49.0.2623.75 Safari/537.36 Google Favicon"
66.249.64.227 - - [07/Sep/2016:19:49:00 +0200] "GET / HTTP/1.1" 200 15277 "-" "Mozilla/5.0 (compatible; Googlebot/2.1; +http://www.google.com/bot.html)"
66.249.64.227 - - [07/Sep/2016:19:58:10 +0200] "GET /robots.txt HTTP/1.1" 200 433 "-" "Mozilla/5.0 (compatible; Googlebot/2.1; +http://www.google.com/bot.html)"
66.249.64.231 - - [07/Sep/2016:19:58:10 +0200] "GET /index.php HTTP/1.1" 200 23984 "-" "Mozilla/5.0 (compatible; Googlebot/2.1; +http://www.google.com/bot.html)"
180.97.106.162 - - [07/Sep/2016:20:05:04 +0200] "HEAD http://180.163.113.82/check_proxy HTTP/1.1" 301 197 "-" "-"
198.16.7.150 - - [07/Sep/2016:20:07:06 +0200] "GET / HTTP/1.1" 200 31279 "-" "FreeWebMonitoring SiteChecker/0.2 (+http://www.freewebmonitoring.com/bot.html)"
180.76.15.30 - - [07/Sep/2016:20:10:22 +0200] "GET /world HTTP/1.1" 301 574 "-" "Mozilla/5.0 (compatible; Baiduspider/2.0; +http://www.baidu.com/search/spider.html)"
180.76.15.30 - - [07/Sep/2016:20:10:22 +0200] "GET /world/ HTTP/1.1" 200 5181 "-" "Mozilla/5.0 (compatible; Baiduspider/2.0; +http://www.baidu.com/search/spider.html)"
68.180.231.41 - - [07/Sep/2016:20:16:24 +0200] "GET /robots.txt HTTP/1.1" 200 332 "-" "Mozilla/5.0 (compatible; Yahoo! Slurp; http://help.yahoo.com/help/us/ysearch/slurp)"
68.180.231.41 - - [07/Sep/2016:20:16:25 +0200] "GET / HTTP/1.1" 200 22558 "-" "Mozilla/5.0 (compatible; Yahoo! Slurp; http://help.yahoo.com/help/us/ysearch/slurp)"
68.180.231.41 - - [07/Sep/2016:20:16:27 +0200] "GET /style.css HTTP/1.1" 200 2700 "http://www.theglobalreports.com/" "Mozilla/5.0 (compatible; Yahoo! Slurp; http://help.yahoo.com/help/us/ysearch/slurp)"
66.220.156.110 - - [07/Sep/2016:20:22:36 +0200] "GET /images/ukraine.png HTTP/1.1" 200 364585 "-" "facebookexternalhit/1.1 (+http://www.facebook.com/externalhit_uatext.php)"
69.171.230.102 - - [07/Sep/2016:20:22:36 +0200] "GET /images/bangla.png HTTP/1.1" 200 423629 "-" "facebookexternalhit/1.1 (+http://www.facebook.com/externalhit_uatext.php)"
66.249.64.223 - - [07/Sep/2016:20:37:02 +0200] "GET /images/bangla.png HTTP/1.1" 200 423629 "-" "Googlebot-Image/1.0"
66.249.64.227 - - [07/Sep/2016:20:45:26 +0200] "GET /images/italy.png HTTP/1.1" 200 513608 "-" "Googlebot-Image/1.0"
176.31.100.167 - - [07/Sep/2016:21:05:26 +0200] "GET /featured/20160824-bangladesh-crackdown.php HTTP/1.1" 200 4704 "-" "Mozilla/5.0 (X11; U; Linux x86_64; de; rv:1.9.2.8) Gecko/20100723 Ubuntu/10.04 (lucid) Firefox/3.6.8"
198.16.7.150 - - [07/Sep/2016:21:08:09 +0200] "GET / HTTP/1.1" 200 31279 "-" "FreeWebMonitoring SiteChecker/0.2 (+http://www.freewebmonitoring.com/bot.html)"
198.16.7.150 - - [07/Sep/2016:22:09:09 +0200] "GET / HTTP/1.1" 200 31279 "-" "FreeWebMonitoring SiteChecker/0.2 (+http://www.freewebmonitoring.com/bot.html)"
66.249.64.227 - - [07/Sep/2016:22:15:15 +0200] "GET /featured/20160815-secret-ledge-ukraine.php HTTP/1.1" 200 8468 "-" "Mozilla/5.0 (compatible; Googlebot/2.1; +http://www.google.com/bot.html)"
23.108.86.170 - - [07/Sep/2016:22:27:15 +0200] "GET / HTTP/1.0" 200 20499 "http://www.theglobalreports.com/" "Mozilla/5.0 (Macintosh; Intel Mac OS X 10_8_4) AppleWebKit/537.36 (KHTML, like Gecko) Chrome/39.0.2171.95 Safari/537.36"
157.55.39.182 - - [07/Sep/2016:22:49:12 +0200] "GET /images/hillary.png HTTP/1.1" 200 199765 "-" "Mozilla/5.0 (compatible; bingbot/2.0; +http://www.bing.com/bingbot.htm)"
198.16.7.150 - - [07/Sep/2016:23:10:01 +0200] "GET / HTTP/1.1" 200 31279 "-" "FreeWebMonitoring SiteChecker/0.2 (+http://www.freewebmonitoring.com/bot.html)"
66.249.64.223 - - [07/Sep/2016:23:10:19 +0200] "GET / HTTP/1.1" 200 17956 "-" "Mozilla/5.0 (compatible; Googlebot/2.1; +http://www.google.com/bot.html)"
199.59.148.211 - - [07/Sep/2016:23:14:12 +0200] "GET /opinion/20160827.opinion.php HTTP/1.1" 404 477 "-" "Twitterbot/1.0"
38.99.82.191 - - [07/Sep/2016:23:28:23 +0200] "GET /robots.txt HTTP/1.1" 200 433 "-" "Mozilla/5.0"
38.99.82.191 - - [07/Sep/2016:23:31:15 +0200] "GET / HTTP/1.1" 200 20847 "-" "Mozilla/5.0 (X11; U; Linux x86_64; en-US) AppleWebKit/533.3 (KHTML, like Gecko) Qt/4.7.1 Safari/533.3"
5.255.251.28 - - [07/Sep/2016:23:33:32 +0200] "GET /featured/20160830-is-running-terror-classes.php HTTP/1.1" 200 4359 "-" "Mozilla/5.0 (compatible; YandexBot/3.0; +http://yandex.com/bots)"
38.99.82.192 - - [07/Sep/2016:23:34:06 +0200] "GET /style.css HTTP/1.1" 200 2756 "http://www.theglobalreports.com/" "Mozilla/5.0 (X11; U; Linux x86_64; en-US) AppleWebKit/533.3 (KHTML, like Gecko) Qt/4.7.1 Safari/533.3"
38.99.82.192 - - [07/Sep/2016:23:34:06 +0200] "GET /js/script.js HTTP/1.1" 200 642 "http://www.theglobalreports.com/" "Mozilla/5.0 (X11; U; Linux x86_64; en-US) AppleWebKit/533.3 (KHTML, like Gecko) Qt/4.7.1 Safari/533.3"
38.99.82.192 - - [07/Sep/2016:23:34:06 +0200] "GET /js/jquery.cycle.all.min.js HTTP/1.1" 200 7184 "http://www.theglobalreports.com/" "Mozilla/5.0 (X11; U; Linux x86_64; en-US) AppleWebKit/533.3 (KHTML, like Gecko) Qt/4.7.1 Safari/533.3"
38.99.82.192 - - [07/Sep/2016:23:34:06 +0200] "GET /js/jquery-1.3.2.min.js HTTP/1.1" 200 20093 "http://www.theglobalreports.com/" "Mozilla/5.0 (X11; U; Linux x86_64; en-US) AppleWebKit/533.3 (KHTML, like Gecko) Qt/4.7.1 Safari/533.3"
38.99.82.191 - - [07/Sep/2016:23:37:33 +0200] "GET /js/jquery.cycle.all.min.js HTTP/1.1" 200 7184 "http://www.theglobalreports.com/" "Mozilla/5.0 (X11; U; Linux x86_64; en-US) AppleWebKit/533.3 (KHTML, like Gecko) Qt/4.7.1 Safari/533.3"
46.119.127.129 - - [07/Sep/2016:23:58:54 +0200] "GET /robots.txt HTTP/1.1" 200 388 "-" "Mozilla/5.0 (Windows NT 10.0; WOW64) AppleWebKit/537.36 (KHTML, like Gecko) Chrome/49.0.2623.75 Safari/537.36 OPR/36.0.2130.32"
46.119.127.129 - - [07/Sep/2016:23:58:54 +0200] "GET / HTTP/1.1" 200 66158 "-" "Mozilla/5.0 (Windows NT 10.0; WOW64) AppleWebKit/537.36 (KHTML, like Gecko) Chrome/49.0.2623.75 Safari/537.36 OPR/36.0.2130.32"
46.119.127.129 - - [07/Sep/2016:23:58:56 +0200] "GET /xmlrpc.php?rsd HTTP/1.1" 404 514 "-" "Mozilla/5.0 (Windows NT 10.0; WOW64) AppleWebKit/537.36 (KHTML, like Gecko) Chrome/49.0.2623.75 Safari/537.36 OPR/36.0.2130.32"
46.119.127.129 - - [07/Sep/2016:23:58:56 +0200] "GET /blog/robots.txt HTTP/1.1" 404 519 "-" "Mozilla/5.0 (Windows NT 10.0; WOW64) AppleWebKit/537.36 (KHTML, like Gecko) Chrome/49.0.2623.75 Safari/537.36 OPR/36.0.2130.32"
46.119.127.129 - - [07/Sep/2016:23:58:56 +0200] "GET /blog/ HTTP/1.1" 404 509 "-" "Mozilla/5.0 (Windows NT 10.0; WOW64) AppleWebKit/537.36 (KHTML, like Gecko) Chrome/49.0.2623.75 Safari/537.36 OPR/36.0.2130.32"
46.119.127.129 - - [07/Sep/2016:23:58:56 +0200] "GET /wordpress/ HTTP/1.1" 404 514 "-" "Mozilla/5.0 (Windows NT 10.0; WOW64) AppleWebKit/537.36 (KHTML, like Gecko) Chrome/49.0.2623.75 Safari/537.36 OPR/36.0.2130.32"
46.119.127.129 - - [07/Sep/2016:23:58:57 +0200] "GET /wp/ HTTP/1.1" 404 507 "-" "Mozilla/5.0 (Windows NT 10.0; WOW64) AppleWebKit/537.36 (KHTML, like Gecko) Chrome/49.0.2623.75 Safari/537.36 OPR/36.0.2130.32"
198.16.7.150 - - [08/Sep/2016:00:11:16 +0200] "GET / HTTP/1.1" 200 31279 "-" "FreeWebMonitoring SiteChecker/0.2 (+http://www.freewebmonitoring.com/bot.html)"
144.76.100.237 - - [08/Sep/2016:00:11:25 +0200] "GET / HTTP/1.0" 200 72450 "-" "Mozilla/5.0 (Windows; U; Windows NT 5.1; en-US; rv:1.8.1.6) Gecko/20070725 Firefox/2.0.0.6 - James BOT - WebCrawler http://cognitiveseo.com/bot.html"
128.232.110.28 - - [08/Sep/2016:00:22:32 +0200] "GET / HTTP/1.1" 301 527 "-" "Mozilla/5.0 zgrab/0.x"
157.55.39.182 - - [08/Sep/2016:00:25:44 +0200] "GET /featured/20160817-clinton-wins-she-wont-be-empowered-the-way.php HTTP/1.1" 200 5311 "-" "Mozilla/5.0 (compatible; bingbot/2.0; +http://www.bing.com/bingbot.htm)"
198.16.7.150 - - [08/Sep/2016:01:12:42 +0200] "GET / HTTP/1.1" 200 31279 "-" "FreeWebMonitoring SiteChecker/0.2 (+http://www.freewebmonitoring.com/bot.html)"
199.16.156.126 - - [08/Sep/2016:01:13:10 +0200] "GET /featured/20160831-trump-mexico-visit.php HTTP/1.1" 200 5665 "-" "Twitterbot/1.0"
199.59.148.210 - - [08/Sep/2016:01:13:10 +0200] "GET /featured/20160831-trump-mexico-visit.php HTTP/1.1" 200 5665 "-" "Twitterbot/1.0"
193.92.3.66 - - [08/Sep/2016:01:33:18 +0200] "GET / HTTP/1.0" 301 518 "-" "-"
37.187.74.195 - - [08/Sep/2016:01:49:38 +0200] "GET /featured/20160824-bangladesh-crackdown.php HTTP/1.1" 200 4704 "-" "Mozilla/5.0 (Windows NT 10.0) AppleWebKit/537.36 (KHTML, like Gecko) Chrome/48.0.2564.116 Safari/537.36"
192.3.220.133 - - [08/Sep/2016:01:50:57 +0200] "GET / HTTP/1.0" 200 23595 "http://www.theglobalreports.com/" "Mozilla/5.0 (Macintosh; Intel Mac OS X 10_8_4) AppleWebKit/537.36 (KHTML, like Gecko) Chrome/39.0.2171.95 Safari/537.36"
207.46.13.162 - - [08/Sep/2016:01:54:09 +0200] "GET / HTTP/1.1" 200 23632 "-" "Mozilla/5.0 (compatible; bingbot/2.0; +http://www.bing.com/bingbot.htm)"
66.249.64.223 - - [08/Sep/2016:02:04:33 +0200] "GET / HTTP/1.1" 200 22987 "-" "Mozilla/5.0 (compatible; Googlebot/2.1; +http://www.google.com/bot.html)"
198.16.7.150 - - [08/Sep/2016:02:13:58 +0200] "GET / HTTP/1.1" 200 31279 "-" "FreeWebMonitoring SiteChecker/0.2 (+http://www.freewebmonitoring.com/bot.html)"
66.249.64.141 - - [08/Sep/2016:02:23:14 +0200] "GET / HTTP/1.1" 301 595 "-" "Mozilla/5.0 (compatible; Googlebot/2.1; +http://www.google.com/bot.html)"
66.249.64.144 - - [08/Sep/2016:02:45:13 +0200] "GET / HTTP/1.1" 301 595 "-" "Mozilla/5.0 (Linux; Android 6.0.1; Nexus 5X Build/MMB29P) AppleWebKit/537.36 (KHTML, like Gecko) Chrome/41.0.2272.96 Mobile Safari/537.36 (compatible; Googlebot/2.1; +http://www.google.com/bot.html)"
66.249.64.231 - - [08/Sep/2016:02:45:26 +0200] "GET / HTTP/1.1" 200 16808 "-" "Mozilla/5.0 (Linux; Android 6.0.1; Nexus 5X Build/MMB29P) AppleWebKit/537.36 (KHTML, like Gecko) Chrome/41.0.2272.96 Mobile Safari/537.36 (compatible; Googlebot/2.1; +http://www.google.com/bot.html)"
66.249.64.223 - - [08/Sep/2016:03:03:16 +0200] "GET /sports/ HTTP/1.1" 200 5529 "-" "Mozilla/5.0 (compatible; Googlebot/2.1; +http://www.google.com/bot.html)"
198.16.7.150 - - [08/Sep/2016:03:15:15 +0200] "GET / HTTP/1.1" 200 31279 "-" "FreeWebMonitoring SiteChecker/0.2 (+http://www.freewebmonitoring.com/bot.html)"
66.249.64.231 - - [08/Sep/2016:04:07:44 +0200] "GET /cricket/ HTTP/1.1" 200 5433 "-" "Mozilla/5.0 (compatible; Googlebot/2.1; +http://www.google.com/bot.html)"
198.16.7.150 - - [08/Sep/2016:04:16:21 +0200] "GET / HTTP/1.1" 200 31279 "-" "FreeWebMonitoring SiteChecker/0.2 (+http://www.freewebmonitoring.com/bot.html)"
66.249.64.223 - - [08/Sep/2016:04:41:43 +0200] "GET / HTTP/1.1" 200 20106 "-" "Mozilla/5.0 (compatible; Googlebot/2.1; +http://www.google.com/bot.html)"
66.249.64.223 - - [08/Sep/2016:04:45:07 +0200] "GET /images/obama.png HTTP/1.1" 200 227552 "-" "Googlebot-Image/1.0"
66.249.64.227 - - [08/Sep/2016:04:45:46 +0200] "GET /images/modi.png HTTP/1.1" 200 65776 "-" "Googlebot-Image/1.0"
66.249.64.223 - - [08/Sep/2016:04:55:15 +0200] "GET /images/merkel.png HTTP/1.1" 200 238056 "-" "Googlebot-Image/1.0"
198.16.7.150 - - [08/Sep/2016:05:17:28 +0200] "GET / HTTP/1.1" 200 31279 "-" "FreeWebMonitoring SiteChecker/0.2 (+http://www.freewebmonitoring.com/bot.html)"
180.153.187.199 - - [08/Sep/2016:05:45:51 +0200] "GET / HTTP/1.1" 200 23317 "http://www.theglobalreports.com/" "Mozilla/5.0 (compatible; MSIE 9.0; Windows NT 6.1; Trident/5.0); 360Spider"
173.252.90.93 - - [08/Sep/2016:06:13:36 +0200] "GET /images/italy.png HTTP/1.1" 200 513608 "-" "facebookexternalhit/1.1 (+http://www.facebook.com/externalhit_uatext.php)"
43.245.9.11 - - [08/Sep/2016:06:13:52 +0200] "GET /opinion/20160902-opinion.php HTTP/1.1" 200 13741 "http://m.facebook.com/" "Mozilla/5.0 (Linux; U; Android 4.2.2; en-us; A55 Build/JDQ39) AppleWebKit/534.30 (KHTML, like Gecko) Version/4.0 Mobile Safari/534.30 [FB_IAB/FB4A;FBAV/43.0.0.29.147;]"
198.16.7.150 - - [08/Sep/2016:06:19:22 +0200] "GET / HTTP/1.1" 200 31279 "-" "FreeWebMonitoring SiteChecker/0.2 (+http://www.freewebmonitoring.com/bot.html)"
66.249.64.223 - - [08/Sep/2016:06:19:54 +0200] "GET / HTTP/1.1" 200 18249 "-" "Mozilla/5.0 (compatible; Googlebot/2.1; +http://www.google.com/bot.html)"
66.249.64.227 - - [08/Sep/2016:06:38:24 +0200] "GET /entertainment/ HTTP/1.1" 200 11681 "-" "Mozilla/5.0 (compatible; Googlebot/2.1; +http://www.google.com/bot.html)"
66.249.64.223 - - [08/Sep/2016:06:39:44 +0200] "GET /entertainment/57d03c09509549689bcdb360 HTTP/1.1" 404 543 "-" "Mozilla/5.0 (compatible; Googlebot/2.1; +http://www.google.com/bot.html)"
198.16.7.150 - - [08/Sep/2016:07:21:47 +0200] "GET / HTTP/1.1" 200 31279 "-" "FreeWebMonitoring SiteChecker/0.2 (+http://www.freewebmonitoring.com/bot.html)"
66.249.64.223 - - [08/Sep/2016:07:30:44 +0200] "GET / HTTP/1.1" 200 20407 "-" "Mozilla/5.0 (compatible; Googlebot/2.1; +http://www.google.com/bot.html)"
51.254.131.243 - - [08/Sep/2016:07:42:41 +0200] "GET /robots.txt HTTP/1.0" 200 351 "-" "Mozilla/5.0 (compatible; MJ12bot/v1.4.5; http://www.majestic12.co.uk/bot.php?+)"
