198.16.7.150 - - [07/Sep/2016:07:51:30 +0200] "GET / HTTP/1.1" 200 30110 "-" "FreeWebMonitoring SiteChecker/0.2 (+http://www.freewebmonitoring.com/bot.html)"
198.16.7.150 - - [07/Sep/2016:08:52:04 +0200] "GET / HTTP/1.1" 200 30110 "-" "FreeWebMonitoring SiteChecker/0.2 (+http://www.freewebmonitoring.com/bot.html)"
207.46.13.162 - - [07/Sep/2016:09:18:14 +0200] "GET / HTTP/1.1" 200 19320 "-" "Mozilla/5.0 (compatible; bingbot/2.0; +http://www.bing.com/bingbot.htm)"
198.16.7.150 - - [07/Sep/2016:09:53:37 +0200] "GET / HTTP/1.1" 200 30110 "-" "FreeWebMonitoring SiteChecker/0.2 (+http://www.freewebmonitoring.com/bot.html)"
188.163.107.135 - - [07/Sep/2016:10:02:54 +0200] "GET / HTTP/1.1" 301 595 "http://theglobalreports.com" "Mozilla/5.0 (Windows NT 6.1; WOW64) AppleWebKit/537.36 (KHTML, like Gecko) Chrome/31.0.1650.57 Safari/537.36"
188.163.107.135 - - [07/Sep/2016:10:02:54 +0200] "GET / HTTP/1.1" 200 19998 "http://theglobalreports.com" "Mozilla/5.0 (Windows NT 6.1; WOW64) AppleWebKit/537.36 (KHTML, like Gecko) Chrome/31.0.1650.57 Safari/537.36"
188.163.107.135 - - [07/Sep/2016:10:02:58 +0200] "GET /blog/ HTTP/1.1" 301 605 "http://theglobalreports.com/blog/" "Mozilla/5.0 (Windows NT 6.1; WOW64) AppleWebKit/537.36 (KHTML, like Gecko) Chrome/31.0.1650.57 Safari/537.36"
188.163.107.135 - - [07/Sep/2016:10:02:59 +0200] "GET /blog/ HTTP/1.1" 404 510 "http://theglobalreports.com/blog/" "Mozilla/5.0 (Windows NT 6.1; WOW64) AppleWebKit/537.36 (KHTML, like Gecko) Chrome/31.0.1650.57 Safari/537.36"
87.35.246.6 - - [07/Sep/2016:10:34:26 +0200] "GET /images/italy.png HTTP/1.1" 200 77280 "https://www.google.co.uk/" "Mozilla/5.0 (iPad; CPU OS 9_3_1 like Mac OS X) AppleWebKit/601.1.46 (KHTML, like Gecko) Version/9.0 Mobile/13E238 Safari/601.1"
68.180.231.41 - - [07/Sep/2016:10:41:35 +0200] "GET /robots.txt HTTP/1.1" 200 332 "-" "Mozilla/5.0 (compatible; Yahoo! Slurp; http://help.yahoo.com/help/us/ysearch/slurp)"
68.180.231.41 - - [07/Sep/2016:10:41:36 +0200] "GET /featured/20160821-obamacare-has-gone.php HTTP/1.1" 200 6805 "-" "Mozilla/5.0 (compatible; Yahoo! Slurp; http://help.yahoo.com/help/us/ysearch/slurp)"
207.46.13.162 - - [07/Sep/2016:10:49:20 +0200] "GET / HTTP/1.1" 301 595 "-" "Mozilla/5.0 (compatible; bingbot/2.0; +http://www.bing.com/bingbot.htm)"
139.59.149.57 - - [07/Sep/2016:10:54:07 +0200] "GET / HTTP/1.1" 301 539 "https://freevpn.ninja/" "Mozilla/5.0 (Windows NT 6.1; WOW64; rv:43.0) Gecko/20100101 Firefox/43.0"
139.59.149.57 - - [07/Sep/2016:10:54:07 +0200] "GET / HTTP/1.1" 200 59195 "https://freevpn.ninja/" "Mozilla/5.0 (Windows NT 6.1; WOW64; rv:43.0) Gecko/20100101 Firefox/43.0"
10.149.239.175 - - [07/Sep/2016:10:55:03 +0200] "GET / HTTP/1.1" 200 16240 "-" "Mozilla/5.0 (X11; Linux i686) AppleWebKit/537.36 (KHTML, like Gecko) Ubuntu Chromium/51.0.2704.79 Chrome/51.0.2704.79 Safari/537.36"
10.149.239.175 - - [07/Sep/2016:10:55:04 +0200] "GET /style.css HTTP/1.1" 200 2756 "http://www.theglobalreports.com/" "Mozilla/5.0 (X11; Linux i686) AppleWebKit/537.36 (KHTML, like Gecko) Ubuntu Chromium/51.0.2704.79 Chrome/51.0.2704.79 Safari/537.36"
10.149.239.175 - - [07/Sep/2016:10:55:05 +0200] "GET /js/script.js HTTP/1.1" 200 642 "http://www.theglobalreports.com/" "Mozilla/5.0 (X11; Linux i686) AppleWebKit/537.36 (KHTML, like Gecko) Ubuntu Chromium/51.0.2704.79 Chrome/51.0.2704.79 Safari/537.36"
10.149.239.175 - - [07/Sep/2016:10:55:05 +0200] "GET /js/jquery.cycle.all.min.js HTTP/1.1" 200 7183 "http://www.theglobalreports.com/" "Mozilla/5.0 (X11; Linux i686) AppleWebKit/537.36 (KHTML, like Gecko) Ubuntu Chromium/51.0.2704.79 Chrome/51.0.2704.79 Safari/537.36"
10.149.239.175 - - [07/Sep/2016:10:55:05 +0200] "GET /js/jquery-1.3.2.min.js HTTP/1.1" 200 20092 "http://www.theglobalreports.com/" "Mozilla/5.0 (X11; Linux i686) AppleWebKit/537.36 (KHTML, like Gecko) Ubuntu Chromium/51.0.2704.79 Chrome/51.0.2704.79 Safari/537.36"
10.149.239.175 - - [07/Sep/2016:10:55:05 +0200] "GET /images/theglobalreports.png HTTP/1.1" 200 26010 "http://www.theglobalreports.com/" "Mozilla/5.0 (X11; Linux i686) AppleWebKit/537.36 (KHTML, like Gecko) Ubuntu Chromium/51.0.2704.79 Chrome/51.0.2704.79 Safari/537.36"
10.149.239.175 - - [07/Sep/2016:10:55:05 +0200] "GET /images/obamaurges.png HTTP/1.1" 200 146650 "http://www.theglobalreports.com/" "Mozilla/5.0 (X11; Linux i686) AppleWebKit/537.36 (KHTML, like Gecko) Ubuntu Chromium/51.0.2704.79 Chrome/51.0.2704.79 Safari/537.36"
10.149.239.175 - - [07/Sep/2016:10:55:05 +0200] "GET /images/obamachina.png HTTP/1.1" 200 202118 "http://www.theglobalreports.com/" "Mozilla/5.0 (X11; Linux i686) AppleWebKit/537.36 (KHTML, like Gecko) Ubuntu Chromium/51.0.2704.79 Chrome/51.0.2704.79 Safari/537.36"
10.149.239.175 - - [07/Sep/2016:10:55:05 +0200] "GET /images/duterte.png HTTP/1.1" 200 290867 "http://www.theglobalreports.com/" "Mozilla/5.0 (X11; Linux i686) AppleWebKit/537.36 (KHTML, like Gecko) Ubuntu Chromium/51.0.2704.79 Chrome/51.0.2704.79 Safari/537.36"
10.149.239.175 - - [07/Sep/2016:10:55:05 +0200] "GET /images/syria.png HTTP/1.1" 200 425489 "http://www.theglobalreports.com/" "Mozilla/5.0 (X11; Linux i686) AppleWebKit/537.36 (KHTML, like Gecko) Ubuntu Chromium/51.0.2704.79 Chrome/51.0.2704.79 Safari/537.36"
198.16.7.150 - - [07/Sep/2016:10:55:09 +0200] "GET / HTTP/1.1" 200 31286 "-" "FreeWebMonitoring SiteChecker/0.2 (+http://www.freewebmonitoring.com/bot.html)"
10.149.239.175 - - [07/Sep/2016:10:55:11 +0200] "GET /images/background.gif HTTP/1.1" 200 338 "http://www.theglobalreports.com/style.css" "Mozilla/5.0 (X11; Linux i686) AppleWebKit/537.36 (KHTML, like Gecko) Ubuntu Chromium/51.0.2704.79 Chrome/51.0.2704.79 Safari/537.36"
10.149.239.175 - - [07/Sep/2016:10:55:05 +0200] "GET /images/obamaxi.png HTTP/1.1" 200 502390 "http://www.theglobalreports.com/" "Mozilla/5.0 (X11; Linux i686) AppleWebKit/537.36 (KHTML, like Gecko) Ubuntu Chromium/51.0.2704.79 Chrome/51.0.2704.79 Safari/537.36"
10.149.239.175 - - [07/Sep/2016:10:55:05 +0200] "GET /images/france.png HTTP/1.1" 200 466873 "http://www.theglobalreports.com/" "Mozilla/5.0 (X11; Linux i686) AppleWebKit/537.36 (KHTML, like Gecko) Ubuntu Chromium/51.0.2704.79 Chrome/51.0.2704.79 Safari/537.36"
10.149.239.175 - - [07/Sep/2016:10:55:11 +0200] "GET /images/trump.png HTTP/1.1" 200 225850 "http://www.theglobalreports.com/" "Mozilla/5.0 (X11; Linux i686) AppleWebKit/537.36 (KHTML, like Gecko) Ubuntu Chromium/51.0.2704.79 Chrome/51.0.2704.79 Safari/537.36"
10.149.239.175 - - [07/Sep/2016:10:55:12 +0200] "GET /images/_thumb..jpg HTTP/1.1" 404 523 "http://www.theglobalreports.com/" "Mozilla/5.0 (X11; Linux i686) AppleWebKit/537.36 (KHTML, like Gecko) Ubuntu Chromium/51.0.2704.79 Chrome/51.0.2704.79 Safari/537.36"
10.149.239.175 - - [07/Sep/2016:10:55:12 +0200] "GET /images/modi.png HTTP/1.1" 200 65775 "http://www.theglobalreports.com/" "Mozilla/5.0 (X11; Linux i686) AppleWebKit/537.36 (KHTML, like Gecko) Ubuntu Chromium/51.0.2704.79 Chrome/51.0.2704.79 Safari/537.36"
10.149.239.175 - - [07/Sep/2016:10:55:12 +0200] "GET /images/ukraine.png HTTP/1.1" 200 364584 "http://www.theglobalreports.com/" "Mozilla/5.0 (X11; Linux i686) AppleWebKit/537.36 (KHTML, like Gecko) Ubuntu Chromium/51.0.2704.79 Chrome/51.0.2704.79 Safari/537.36"
66.249.93.153 - - [07/Sep/2016:10:55:10 +0200] "GET / HTTP/1.1" 200 16240 "-" "Mozilla/5.0 (X11; Linux x86_64) AppleWebKit/537.36 (KHTML, like Gecko) Chrome/49.0.2623.75 Safari/537.36 Google Favicon"
10.149.239.175 - - [07/Sep/2016:10:55:12 +0200] "GET /images/hillary.png HTTP/1.1" 200 199765 "http://www.theglobalreports.com/" "Mozilla/5.0 (X11; Linux i686) AppleWebKit/537.36 (KHTML, like Gecko) Ubuntu Chromium/51.0.2704.79 Chrome/51.0.2704.79 Safari/537.36"
10.149.239.175 - - [07/Sep/2016:10:55:12 +0200] "GET /images/kerala.png HTTP/1.1" 200 195662 "http://www.theglobalreports.com/" "Mozilla/5.0 (X11; Linux i686) AppleWebKit/537.36 (KHTML, like Gecko) Ubuntu Chromium/51.0.2704.79 Chrome/51.0.2704.79 Safari/537.36"
10.149.239.175 - - [07/Sep/2016:10:55:12 +0200] "GET /images/colombia.png HTTP/1.1" 200 175825 "http://www.theglobalreports.com/" "Mozilla/5.0 (X11; Linux i686) AppleWebKit/537.36 (KHTML, like Gecko) Ubuntu Chromium/51.0.2704.79 Chrome/51.0.2704.79 Safari/537.36"
10.149.239.175 - - [07/Sep/2016:10:55:12 +0200] "GET /images/indepen.jpg HTTP/1.1" 200 65776 "http://www.theglobalreports.com/" "Mozilla/5.0 (X11; Linux i686) AppleWebKit/537.36 (KHTML, like Gecko) Ubuntu Chromium/51.0.2704.79 Chrome/51.0.2704.79 Safari/537.36"
10.149.239.175 - - [07/Sep/2016:10:55:13 +0200] "GET /images/donald.jpeg HTTP/1.1" 200 25162 "http://www.theglobalreports.com/" "Mozilla/5.0 (X11; Linux i686) AppleWebKit/537.36 (KHTML, like Gecko) Ubuntu Chromium/51.0.2704.79 Chrome/51.0.2704.79 Safari/537.36"
10.149.239.175 - - [07/Sep/2016:10:55:12 +0200] "GET /images/italy.png HTTP/1.1" 200 513607 "http://www.theglobalreports.com/" "Mozilla/5.0 (X11; Linux i686) AppleWebKit/537.36 (KHTML, like Gecko) Ubuntu Chromium/51.0.2704.79 Chrome/51.0.2704.79 Safari/537.36"
10.149.239.175 - - [07/Sep/2016:10:55:12 +0200] "GET /images/obama.png HTTP/1.1" 200 227551 "http://www.theglobalreports.com/" "Mozilla/5.0 (X11; Linux i686) AppleWebKit/537.36 (KHTML, like Gecko) Ubuntu Chromium/51.0.2704.79 Chrome/51.0.2704.79 Safari/537.36"
10.149.239.175 - - [07/Sep/2016:10:55:12 +0200] "GET /images/bangla.png HTTP/1.1" 200 423628 "http://www.theglobalreports.com/" "Mozilla/5.0 (X11; Linux i686) AppleWebKit/537.36 (KHTML, like Gecko) Ubuntu Chromium/51.0.2704.79 Chrome/51.0.2704.79 Safari/537.36"
10.149.239.175 - - [07/Sep/2016:10:55:12 +0200] "GET /images/merkel.png HTTP/1.1" 200 238055 "http://www.theglobalreports.com/" "Mozilla/5.0 (X11; Linux i686) AppleWebKit/537.36 (KHTML, like Gecko) Ubuntu Chromium/51.0.2704.79 Chrome/51.0.2704.79 Safari/537.36"
10.149.239.175 - - [07/Sep/2016:10:55:13 +0200] "GET /images/pak-invite.png HTTP/1.1" 200 122042 "http://www.theglobalreports.com/" "Mozilla/5.0 (X11; Linux i686) AppleWebKit/537.36 (KHTML, like Gecko) Ubuntu Chromium/51.0.2704.79 Chrome/51.0.2704.79 Safari/537.36"
::1 - - [07/Sep/2016:10:55:18 +0200] "OPTIONS * HTTP/1.0" 200 126 "-" "Apache/2.4.12 (Ubuntu) (internal dummy connection)"
10.149.239.175 - - [07/Sep/2016:10:55:19 +0200] "GET /favicon.ico HTTP/1.1" 404 516 "http://www.theglobalreports.com/" "Mozilla/5.0 (X11; Linux i686) AppleWebKit/537.36 (KHTML, like Gecko) Ubuntu Chromium/51.0.2704.79 Chrome/51.0.2704.79 Safari/537.36"
::1 - - [07/Sep/2016:10:55:26 +0200] "OPTIONS * HTTP/1.0" 200 126 "-" "Apache/2.4.12 (Ubuntu) (internal dummy connection)"
10.149.239.175 - - [07/Sep/2016:10:57:12 +0200] "GET /opinion HTTP/1.1" 301 615 "http://www.theglobalreports.com/" "Mozilla/5.0 (X11; Linux i686) AppleWebKit/537.36 (KHTML, like Gecko) Ubuntu Chromium/51.0.2704.79 Chrome/51.0.2704.79 Safari/537.36"
10.149.239.175 - - [07/Sep/2016:10:57:12 +0200] "GET /opinion/ HTTP/1.1" 200 7478 "http://www.theglobalreports.com/" "Mozilla/5.0 (X11; Linux i686) AppleWebKit/537.36 (KHTML, like Gecko) Ubuntu Chromium/51.0.2704.79 Chrome/51.0.2704.79 Safari/537.36"
10.149.239.175 - - [07/Sep/2016:10:57:13 +0200] "GET /opinion/js/jquery-1.3.2.min.js HTTP/1.1" 404 534 "http://www.theglobalreports.com/opinion/" "Mozilla/5.0 (X11; Linux i686) AppleWebKit/537.36 (KHTML, like Gecko) Ubuntu Chromium/51.0.2704.79 Chrome/51.0.2704.79 Safari/537.36"
10.149.239.175 - - [07/Sep/2016:10:57:13 +0200] "GET /opinion/js/jquery.cycle.all.min.js HTTP/1.1" 404 539 "http://www.theglobalreports.com/opinion/" "Mozilla/5.0 (X11; Linux i686) AppleWebKit/537.36 (KHTML, like Gecko) Ubuntu Chromium/51.0.2704.79 Chrome/51.0.2704.79 Safari/537.36"
10.149.239.175 - - [07/Sep/2016:10:57:13 +0200] "GET /opinion/js/script.js HTTP/1.1" 404 525 "http://www.theglobalreports.com/opinion/" "Mozilla/5.0 (X11; Linux i686) AppleWebKit/537.36 (KHTML, like Gecko) Ubuntu Chromium/51.0.2704.79 Chrome/51.0.2704.79 Safari/537.36"
10.149.239.175 - - [07/Sep/2016:10:57:13 +0200] "GET /opinion/js/jquery-1.3.2.min.js HTTP/1.1" 404 534 "http://www.theglobalreports.com/opinion/" "Mozilla/5.0 (X11; Linux i686) AppleWebKit/537.36 (KHTML, like Gecko) Ubuntu Chromium/51.0.2704.79 Chrome/51.0.2704.79 Safari/537.36"
10.149.239.175 - - [07/Sep/2016:10:57:13 +0200] "GET /opinion/js/jquery.cycle.all.min.js HTTP/1.1" 404 538 "http://www.theglobalreports.com/opinion/" "Mozilla/5.0 (X11; Linux i686) AppleWebKit/537.36 (KHTML, like Gecko) Ubuntu Chromium/51.0.2704.79 Chrome/51.0.2704.79 Safari/537.36"
10.149.239.175 - - [07/Sep/2016:10:57:13 +0200] "GET /opinion/js/script.js HTTP/1.1" 404 524 "http://www.theglobalreports.com/opinion/" "Mozilla/5.0 (X11; Linux i686) AppleWebKit/537.36 (KHTML, like Gecko) Ubuntu Chromium/51.0.2704.79 Chrome/51.0.2704.79 Safari/537.36"
10.149.239.175 - - [07/Sep/2016:10:57:14 +0200] "GET /index.php HTTP/1.1" 200 16239 "http://www.theglobalreports.com/" "Mozilla/5.0 (X11; Linux i686) AppleWebKit/537.36 (KHTML, like Gecko) Ubuntu Chromium/51.0.2704.79 Chrome/51.0.2704.79 Safari/537.36"
10.149.239.175 - - [07/Sep/2016:10:57:16 +0200] "GET /images/syria.png HTTP/1.1" 304 182 "http://www.theglobalreports.com/index.php" "Mozilla/5.0 (X11; Linux i686) AppleWebKit/537.36 (KHTML, like Gecko) Ubuntu Chromium/51.0.2704.79 Chrome/51.0.2704.79 Safari/537.36"
10.149.239.175 - - [07/Sep/2016:10:57:16 +0200] "GET /images/_thumb..jpg HTTP/1.1" 404 522 "http://www.theglobalreports.com/index.php" "Mozilla/5.0 (X11; Linux i686) AppleWebKit/537.36 (KHTML, like Gecko) Ubuntu Chromium/51.0.2704.79 Chrome/51.0.2704.79 Safari/537.36"
10.149.239.175 - - [07/Sep/2016:10:57:16 +0200] "GET /images/_thumb..jpg HTTP/1.1" 404 522 "http://www.theglobalreports.com/index.php" "Mozilla/5.0 (X11; Linux i686) AppleWebKit/537.36 (KHTML, like Gecko) Ubuntu Chromium/51.0.2704.79 Chrome/51.0.2704.79 Safari/537.36"
10.149.239.175 - - [07/Sep/2016:10:57:22 +0200] "GET /index.php HTTP/1.1" 200 16240 "http://www.theglobalreports.com/index.php" "Mozilla/5.0 (X11; Linux i686) AppleWebKit/537.36 (KHTML, like Gecko) Ubuntu Chromium/51.0.2704.79 Chrome/51.0.2704.79 Safari/537.36"
10.149.239.175 - - [07/Sep/2016:10:57:23 +0200] "GET /images/_thumb..jpg HTTP/1.1" 404 522 "http://www.theglobalreports.com/index.php" "Mozilla/5.0 (X11; Linux i686) AppleWebKit/537.36 (KHTML, like Gecko) Ubuntu Chromium/51.0.2704.79 Chrome/51.0.2704.79 Safari/537.36"
10.149.239.175 - - [07/Sep/2016:10:57:24 +0200] "GET /images/_thumb..jpg HTTP/1.1" 404 522 "http://www.theglobalreports.com/index.php" "Mozilla/5.0 (X11; Linux i686) AppleWebKit/537.36 (KHTML, like Gecko) Ubuntu Chromium/51.0.2704.79 Chrome/51.0.2704.79 Safari/537.36"
10.149.239.175 - - [07/Sep/2016:10:57:32 +0200] "GET /index.php HTTP/1.1" 200 16240 "http://www.theglobalreports.com/index.php" "Mozilla/5.0 (X11; Linux i686) AppleWebKit/537.36 (KHTML, like Gecko) Ubuntu Chromium/51.0.2704.79 Chrome/51.0.2704.79 Safari/537.36"
10.149.239.175 - - [07/Sep/2016:10:57:33 +0200] "GET /images/_thumb..jpg HTTP/1.1" 404 522 "http://www.theglobalreports.com/index.php" "Mozilla/5.0 (X11; Linux i686) AppleWebKit/537.36 (KHTML, like Gecko) Ubuntu Chromium/51.0.2704.79 Chrome/51.0.2704.79 Safari/537.36"
10.149.239.175 - - [07/Sep/2016:10:57:34 +0200] "GET /images/_thumb..jpg HTTP/1.1" 404 522 "http://www.theglobalreports.com/index.php" "Mozilla/5.0 (X11; Linux i686) AppleWebKit/537.36 (KHTML, like Gecko) Ubuntu Chromium/51.0.2704.79 Chrome/51.0.2704.79 Safari/537.36"
10.149.239.175 - - [07/Sep/2016:10:57:37 +0200] "GET /featured/20160907-syrian-opposition-coalition.php HTTP/1.1" 200 7504 "http://www.theglobalreports.com/index.php" "Mozilla/5.0 (X11; Linux i686) AppleWebKit/537.36 (KHTML, like Gecko) Ubuntu Chromium/51.0.2704.79 Chrome/51.0.2704.79 Safari/537.36"
10.149.239.175 - - [07/Sep/2016:10:57:37 +0200] "GET /featured/js/jquery-1.3.2.min.js HTTP/1.1" 404 535 "http://www.theglobalreports.com/featured/20160907-syrian-opposition-coalition.php" "Mozilla/5.0 (X11; Linux i686) AppleWebKit/537.36 (KHTML, like Gecko) Ubuntu Chromium/51.0.2704.79 Chrome/51.0.2704.79 Safari/537.36"
10.149.239.175 - - [07/Sep/2016:10:57:37 +0200] "GET /featured/js/jquery.cycle.all.min.js HTTP/1.1" 404 540 "http://www.theglobalreports.com/featured/20160907-syrian-opposition-coalition.php" "Mozilla/5.0 (X11; Linux i686) AppleWebKit/537.36 (KHTML, like Gecko) Ubuntu Chromium/51.0.2704.79 Chrome/51.0.2704.79 Safari/537.36"
10.149.239.175 - - [07/Sep/2016:10:57:37 +0200] "GET /images/syria.png HTTP/1.1" 304 183 "http://www.theglobalreports.com/featured/20160907-syrian-opposition-coalition.php" "Mozilla/5.0 (X11; Linux i686) AppleWebKit/537.36 (KHTML, like Gecko) Ubuntu Chromium/51.0.2704.79 Chrome/51.0.2704.79 Safari/537.36"
10.149.239.175 - - [07/Sep/2016:10:57:37 +0200] "GET /featured/js/script.js HTTP/1.1" 404 525 "http://www.theglobalreports.com/featured/20160907-syrian-opposition-coalition.php" "Mozilla/5.0 (X11; Linux i686) AppleWebKit/537.36 (KHTML, like Gecko) Ubuntu Chromium/51.0.2704.79 Chrome/51.0.2704.79 Safari/537.36"
10.149.239.175 - - [07/Sep/2016:10:57:37 +0200] "GET /featured/js/jquery-1.3.2.min.js HTTP/1.1" 404 535 "http://www.theglobalreports.com/featured/20160907-syrian-opposition-coalition.php" "Mozilla/5.0 (X11; Linux i686) AppleWebKit/537.36 (KHTML, like Gecko) Ubuntu Chromium/51.0.2704.79 Chrome/51.0.2704.79 Safari/537.36"
10.149.239.175 - - [07/Sep/2016:10:57:37 +0200] "GET /featured/js/jquery.cycle.all.min.js HTTP/1.1" 404 539 "http://www.theglobalreports.com/featured/20160907-syrian-opposition-coalition.php" "Mozilla/5.0 (X11; Linux i686) AppleWebKit/537.36 (KHTML, like Gecko) Ubuntu Chromium/51.0.2704.79 Chrome/51.0.2704.79 Safari/537.36"
10.149.239.175 - - [07/Sep/2016:10:57:37 +0200] "GET /featured/js/script.js HTTP/1.1" 404 525 "http://www.theglobalreports.com/featured/20160907-syrian-opposition-coalition.php" "Mozilla/5.0 (X11; Linux i686) AppleWebKit/537.36 (KHTML, like Gecko) Ubuntu Chromium/51.0.2704.79 Chrome/51.0.2704.79 Safari/537.36"
10.149.239.175 - - [07/Sep/2016:10:58:45 +0200] "GET /index.php HTTP/1.1" 200 16245 "http://www.theglobalreports.com/featured/20160907-syrian-opposition-coalition.php" "Mozilla/5.0 (X11; Linux i686) AppleWebKit/537.36 (KHTML, like Gecko) Ubuntu Chromium/51.0.2704.79 Chrome/51.0.2704.79 Safari/537.36"
10.149.239.175 - - [07/Sep/2016:10:58:47 +0200] "GET /images/syria.png HTTP/1.1" 304 182 "http://www.theglobalreports.com/index.php" "Mozilla/5.0 (X11; Linux i686) AppleWebKit/537.36 (KHTML, like Gecko) Ubuntu Chromium/51.0.2704.79 Chrome/51.0.2704.79 Safari/537.36"
10.149.239.175 - - [07/Sep/2016:10:58:47 +0200] "GET /images/_thumb..jpg HTTP/1.1" 404 522 "http://www.theglobalreports.com/index.php" "Mozilla/5.0 (X11; Linux i686) AppleWebKit/537.36 (KHTML, like Gecko) Ubuntu Chromium/51.0.2704.79 Chrome/51.0.2704.79 Safari/537.36"
10.149.239.175 - - [07/Sep/2016:10:58:48 +0200] "GET /images/_thumb..jpg HTTP/1.1" 404 522 "http://www.theglobalreports.com/index.php" "Mozilla/5.0 (X11; Linux i686) AppleWebKit/537.36 (KHTML, like Gecko) Ubuntu Chromium/51.0.2704.79 Chrome/51.0.2704.79 Safari/537.36"
10.149.239.175 - - [07/Sep/2016:10:58:49 +0200] "GET /featured/20160907-syrian-opposition-coalition.php HTTP/1.1" 200 7504 "http://www.theglobalreports.com/index.php" "Mozilla/5.0 (X11; Linux i686) AppleWebKit/537.36 (KHTML, like Gecko) Ubuntu Chromium/51.0.2704.79 Chrome/51.0.2704.79 Safari/537.36"
10.149.239.175 - - [07/Sep/2016:10:58:49 +0200] "GET /featured/js/jquery-1.3.2.min.js HTTP/1.1" 404 535 "http://www.theglobalreports.com/featured/20160907-syrian-opposition-coalition.php" "Mozilla/5.0 (X11; Linux i686) AppleWebKit/537.36 (KHTML, like Gecko) Ubuntu Chromium/51.0.2704.79 Chrome/51.0.2704.79 Safari/537.36"
10.149.239.175 - - [07/Sep/2016:10:58:49 +0200] "GET /featured/js/jquery.cycle.all.min.js HTTP/1.1" 404 540 "http://www.theglobalreports.com/featured/20160907-syrian-opposition-coalition.php" "Mozilla/5.0 (X11; Linux i686) AppleWebKit/537.36 (KHTML, like Gecko) Ubuntu Chromium/51.0.2704.79 Chrome/51.0.2704.79 Safari/537.36"
10.149.239.175 - - [07/Sep/2016:10:58:49 +0200] "GET /featured/js/script.js HTTP/1.1" 404 525 "http://www.theglobalreports.com/featured/20160907-syrian-opposition-coalition.php" "Mozilla/5.0 (X11; Linux i686) AppleWebKit/537.36 (KHTML, like Gecko) Ubuntu Chromium/51.0.2704.79 Chrome/51.0.2704.79 Safari/537.36"
10.149.239.175 - - [07/Sep/2016:10:58:49 +0200] "GET /featured/js/jquery-1.3.2.min.js HTTP/1.1" 404 535 "http://www.theglobalreports.com/featured/20160907-syrian-opposition-coalition.php" "Mozilla/5.0 (X11; Linux i686) AppleWebKit/537.36 (KHTML, like Gecko) Ubuntu Chromium/51.0.2704.79 Chrome/51.0.2704.79 Safari/537.36"
10.149.239.175 - - [07/Sep/2016:10:58:49 +0200] "GET /featured/js/jquery.cycle.all.min.js HTTP/1.1" 404 539 "http://www.theglobalreports.com/featured/20160907-syrian-opposition-coalition.php" "Mozilla/5.0 (X11; Linux i686) AppleWebKit/537.36 (KHTML, like Gecko) Ubuntu Chromium/51.0.2704.79 Chrome/51.0.2704.79 Safari/537.36"
10.149.239.175 - - [07/Sep/2016:10:58:49 +0200] "GET /featured/js/script.js HTTP/1.1" 404 525 "http://www.theglobalreports.com/featured/20160907-syrian-opposition-coalition.php" "Mozilla/5.0 (X11; Linux i686) AppleWebKit/537.36 (KHTML, like Gecko) Ubuntu Chromium/51.0.2704.79 Chrome/51.0.2704.79 Safari/537.36"
10.149.239.175 - - [07/Sep/2016:11:00:26 +0200] "GET /opinion/20160906-opinion.php HTTP/1.1" 200 7500 "http://www.theglobalreports.com/opinion/" "Mozilla/5.0 (X11; Linux i686) AppleWebKit/537.36 (KHTML, like Gecko) Ubuntu Chromium/51.0.2704.79 Chrome/51.0.2704.79 Safari/537.36"
10.149.239.175 - - [07/Sep/2016:11:00:28 +0200] "GET /opinion/js/jquery.cycle.all.min.js HTTP/1.1" 404 539 "http://www.theglobalreports.com/opinion/20160906-opinion.php" "Mozilla/5.0 (X11; Linux i686) AppleWebKit/537.36 (KHTML, like Gecko) Ubuntu Chromium/51.0.2704.79 Chrome/51.0.2704.79 Safari/537.36"
10.149.239.175 - - [07/Sep/2016:11:00:28 +0200] "GET /opinion/js/script.js HTTP/1.1" 404 525 "http://www.theglobalreports.com/opinion/20160906-opinion.php" "Mozilla/5.0 (X11; Linux i686) AppleWebKit/537.36 (KHTML, like Gecko) Ubuntu Chromium/51.0.2704.79 Chrome/51.0.2704.79 Safari/537.36"
10.149.239.175 - - [07/Sep/2016:11:00:28 +0200] "GET /opinion/js/jquery-1.3.2.min.js HTTP/1.1" 404 534 "http://www.theglobalreports.com/opinion/20160906-opinion.php" "Mozilla/5.0 (X11; Linux i686) AppleWebKit/537.36 (KHTML, like Gecko) Ubuntu Chromium/51.0.2704.79 Chrome/51.0.2704.79 Safari/537.36"
10.149.239.175 - - [07/Sep/2016:11:00:28 +0200] "GET /opinion/js/jquery-1.3.2.min.js HTTP/1.1" 404 534 "http://www.theglobalreports.com/opinion/20160906-opinion.php" "Mozilla/5.0 (X11; Linux i686) AppleWebKit/537.36 (KHTML, like Gecko) Ubuntu Chromium/51.0.2704.79 Chrome/51.0.2704.79 Safari/537.36"
10.149.239.175 - - [07/Sep/2016:11:00:28 +0200] "GET /opinion/js/jquery.cycle.all.min.js HTTP/1.1" 404 538 "http://www.theglobalreports.com/opinion/20160906-opinion.php" "Mozilla/5.0 (X11; Linux i686) AppleWebKit/537.36 (KHTML, like Gecko) Ubuntu Chromium/51.0.2704.79 Chrome/51.0.2704.79 Safari/537.36"
10.149.239.175 - - [07/Sep/2016:11:00:28 +0200] "GET /opinion/js/script.js HTTP/1.1" 404 524 "http://www.theglobalreports.com/opinion/20160906-opinion.php" "Mozilla/5.0 (X11; Linux i686) AppleWebKit/537.36 (KHTML, like Gecko) Ubuntu Chromium/51.0.2704.79 Chrome/51.0.2704.79 Safari/537.36"
199.16.156.126 - - [07/Sep/2016:11:00:41 +0200] "GET /opinion/20160827.opinion.php HTTP/1.1" 404 477 "-" "Twitterbot/1.0"
199.16.156.126 - - [07/Sep/2016:11:00:41 +0200] "GET /books/ HTTP/1.1" 200 6131 "-" "Twitterbot/1.0"
199.16.156.126 - - [07/Sep/2016:11:00:41 +0200] "GET /nepal/ HTTP/1.1" 200 6652 "-" "Twitterbot/1.0"
17.142.146.1 - - [07/Sep/2016:11:01:09 +0200] "GET /robots.txt HTTP/1.1" 200 433 "-" "Mozilla/5.0 (Macintosh; Intel Mac OS X 10_10_1) AppleWebKit/600.2.5 (KHTML, like Gecko) Version/8.0.2 Safari/600.2.5 (Applebot/0.1; +http://www.apple.com/go/applebot)"
74.6.254.136 - - [07/Sep/2016:11:01:09 +0200] "GET /robots.txt HTTP/1.1" 200 332 "-" "Mozilla/5.0 (compatible; Yahoo! Slurp; http://help.yahoo.com/help/us/ysearch/slurp)"
199.16.156.124 - - [07/Sep/2016:11:01:09 +0200] "GET /opinion/ HTTP/1.1" 200 7423 "-" "Twitterbot/1.0"
17.142.146.1 - - [07/Sep/2016:11:01:09 +0200] "GET /opinion/ HTTP/1.1" 200 7478 "-" "Mozilla/5.0 (Macintosh; Intel Mac OS X 10_10_1) AppleWebKit/600.2.5 (KHTML, like Gecko) Version/8.0.2 Safari/600.2.5 (Applebot/0.1; +http://www.apple.com/go/applebot)"
74.6.254.136 - - [07/Sep/2016:11:01:09 +0200] "HEAD /opinion/ HTTP/1.1" 200 128 "-" "Mozilla/5.0 (compatible; Yahoo! Slurp; http://help.yahoo.com/help/us/ysearch/slurp)"
199.16.156.125 - - [07/Sep/2016:11:01:09 +0200] "GET /opinion/ HTTP/1.1" 200 7423 "-" "Twitterbot/1.0"
54.151.42.39 - - [07/Sep/2016:11:01:10 +0200] "HEAD /opinion/ HTTP/1.1" 200 184 "-" "Google-HTTP-Java-Client/1.17.0-rc (gzip)"
54.151.42.39 - - [07/Sep/2016:11:01:10 +0200] "HEAD /opinion/ HTTP/1.1" 200 184 "-" "Google-HTTP-Java-Client/1.17.0-rc (gzip)"
144.76.23.198 - - [07/Sep/2016:11:01:12 +0200] "GET /robots.txt HTTP/1.1" 200 396 "-" "Mozilla/5.0 (X11; U; Linux i686; en-US; rv:1.8.0.10) Gecko/20070226 Fedora/1.5.0.10-1.fc6 Firefox/1.5.0.10 pango-text"
144.76.23.198 - - [07/Sep/2016:11:01:12 +0200] "GET /opinion/ HTTP/1.1" 200 7442 "-" "Mozilla/5.0 (X11; U; Linux i686; en-US; rv:1.8.0.10) Gecko/20070226 Fedora/1.5.0.10-1.fc6 Firefox/1.5.0.10 pango-text"
::1 - - [07/Sep/2016:11:01:16 +0200] "OPTIONS * HTTP/1.0" 200 126 "-" "Apache/2.4.12 (Ubuntu) (internal dummy connection)"
::1 - - [07/Sep/2016:11:01:17 +0200] "OPTIONS * HTTP/1.0" 200 126 "-" "Apache/2.4.12 (Ubuntu) (internal dummy connection)"
199.16.156.126 - - [07/Sep/2016:11:01:22 +0200] "GET /opinion/20160906-opinion.php HTTP/1.1" 200 7444 "-" "Twitterbot/1.0"
199.16.156.124 - - [07/Sep/2016:11:01:23 +0200] "GET /images/theglobalreports.png HTTP/1.1" 200 25955 "-" "Twitterbot/1.0"
74.6.254.136 - - [07/Sep/2016:11:01:22 +0200] "HEAD /opinion/20160906-opinion.php HTTP/1.1" 200 128 "-" "Mozilla/5.0 (compatible; Yahoo! Slurp; http://help.yahoo.com/help/us/ysearch/slurp)"
17.142.146.1 - - [07/Sep/2016:11:01:22 +0200] "GET /opinion/20160906-opinion.php HTTP/1.1" 200 7500 "-" "Mozilla/5.0 (Macintosh; Intel Mac OS X 10_10_1) AppleWebKit/600.2.5 (KHTML, like Gecko) Version/8.0.2 Safari/600.2.5 (Applebot/0.1; +http://www.apple.com/go/applebot)"
54.241.198.78 - - [07/Sep/2016:11:01:23 +0200] "HEAD /opinion/20160906-opinion.php HTTP/1.1" 200 184 "-" "Google-HTTP-Java-Client/1.17.0-rc (gzip)"
54.241.198.78 - - [07/Sep/2016:11:01:23 +0200] "HEAD /opinion/20160906-opinion.php HTTP/1.1" 200 184 "-" "Google-HTTP-Java-Client/1.17.0-rc (gzip)"
144.76.43.85 - - [07/Sep/2016:11:01:24 +0200] "GET /opinion/20160906-opinion.php HTTP/1.1" 200 15026 "-" "Java/1.8.0_05"
199.16.156.126 - - [07/Sep/2016:11:01:27 +0200] "GET /opinion/20160906-opinion.php HTTP/1.1" 200 7444 "-" "Mozilla/5.0 (Macintosh; Intel Mac OS X 10_10_0) AppleWebKit/537.36 (KHTML, like Gecko) Chrome/37.0.2062.94 Safari/537.36"
::1 - - [07/Sep/2016:11:01:31 +0200] "OPTIONS * HTTP/1.0" 200 126 "-" "Apache/2.4.12 (Ubuntu) (internal dummy connection)"
199.16.156.125 - - [07/Sep/2016:11:01:32 +0200] "GET /featured/20160907-syrian-opposition-coalition.php HTTP/1.1" 200 7449 "-" "Twitterbot/1.0"
74.6.254.136 - - [07/Sep/2016:11:01:33 +0200] "HEAD /featured/20160907-syrian-opposition-coalition.php HTTP/1.1" 200 128 "-" "Mozilla/5.0 (compatible; Yahoo! Slurp; http://help.yahoo.com/help/us/ysearch/slurp)"
54.151.42.39 - - [07/Sep/2016:11:01:33 +0200] "HEAD /featured/20160907-syrian-opposition-coalition.php HTTP/1.1" 200 184 "-" "Google-HTTP-Java-Client/1.17.0-rc (gzip)"
54.151.42.39 - - [07/Sep/2016:11:01:33 +0200] "HEAD /featured/20160907-syrian-opposition-coalition.php HTTP/1.1" 200 184 "-" "Google-HTTP-Java-Client/1.17.0-rc (gzip)"
17.142.146.1 - - [07/Sep/2016:11:01:34 +0200] "GET /featured/20160907-syrian-opposition-coalition.php HTTP/1.1" 200 7505 "-" "Mozilla/5.0 (Macintosh; Intel Mac OS X 10_10_1) AppleWebKit/600.2.5 (KHTML, like Gecko) Version/8.0.2 Safari/600.2.5 (Applebot/0.1; +http://www.apple.com/go/applebot)"
151.80.31.162 - - [07/Sep/2016:11:01:35 +0200] "GET /robots.txt HTTP/1.1" 200 377 "-" "Mozilla/5.0 (compatible; AhrefsBot/5.1; +http://ahrefs.com/robot/)"
144.76.22.68 - - [07/Sep/2016:11:01:35 +0200] "GET /featured/20160907-syrian-opposition-coalition.php HTTP/1.1" 200 7468 "-" "Mozilla/5.0 (X11; U; Linux i686; en-US; rv:1.9.2) Gecko/20100115 Firefox/3.6 FirePHP/0.4"
136.243.154.102 - - [07/Sep/2016:11:01:36 +0200] "HEAD /featured/20160907-syrian-opposition-coalition.php HTTP/1.1" 200 147 "-" "MetaURI API/2.0 +metauri.com"
136.243.154.105 - - [07/Sep/2016:11:01:36 +0200] "HEAD /featured/20160907-syrian-opposition-coalition.php HTTP/1.1" 200 147 "-" "MetaURI API/2.0 +metauri.com"
136.243.154.105 - - [07/Sep/2016:11:01:36 +0200] "GET /featured/20160907-syrian-opposition-coalition.php HTTP/1.1" 200 19219 "-" "MetaURI API/2.0 +metauri.com"
136.243.154.102 - - [07/Sep/2016:11:01:36 +0200] "GET /featured/20160907-syrian-opposition-coalition.php HTTP/1.1" 200 19219 "-" "MetaURI API/2.0 +metauri.com"
31.13.113.82 - - [07/Sep/2016:11:01:38 +0200] "GET / HTTP/1.1" 206 16257 "-" "facebookexternalhit/1.1 (+http://www.facebook.com/externalhit_uatext.php)"
31.13.113.87 - - [07/Sep/2016:11:01:40 +0200] "GET / HTTP/1.1" 206 16257 "-" "facebookexternalhit/1.1 (+http://www.facebook.com/externalhit_uatext.php)"
::1 - - [07/Sep/2016:11:01:41 +0200] "OPTIONS * HTTP/1.0" 200 126 "-" "Apache/2.4.12 (Ubuntu) (internal dummy connection)"
69.171.230.104 - - [07/Sep/2016:11:01:42 +0200] "GET /images/bangla.png HTTP/1.1" 200 423629 "-" "facebookexternalhit/1.1 (+http://www.facebook.com/externalhit_uatext.php)"
31.13.113.78 - - [07/Sep/2016:11:01:47 +0200] "GET / HTTP/1.1" 206 16257 "-" "facebookexternalhit/1.1 (+http://www.facebook.com/externalhit_uatext.php)"
31.13.113.64 - - [07/Sep/2016:11:01:47 +0200] "GET / HTTP/1.1" 206 16257 "-" "facebookexternalhit/1.1 (+http://www.facebook.com/externalhit_uatext.php)"
31.13.113.69 - - [07/Sep/2016:11:01:48 +0200] "GET / HTTP/1.1" 206 16257 "-" "facebookexternalhit/1.1 (+http://www.facebook.com/externalhit_uatext.php)"
31.13.113.65 - - [07/Sep/2016:11:01:50 +0200] "GET / HTTP/1.1" 206 16257 "-" "facebookexternalhit/1.1 (+http://www.facebook.com/externalhit_uatext.php)"
136.243.154.93 - - [07/Sep/2016:11:02:02 +0200] "HEAD /opinion/ HTTP/1.1" 200 147 "-" "MetaURI API/2.0 +metauri.com"
31.13.114.77 - - [07/Sep/2016:11:02:02 +0200] "GET /images/france.png HTTP/1.1" 200 466874 "-" "facebookexternalhit/1.1 (+http://www.facebook.com/externalhit_uatext.php)"
173.252.90.243 - - [07/Sep/2016:11:02:02 +0200] "GET /images/hillary.png HTTP/1.1" 200 199765 "-" "facebookexternalhit/1.1 (+http://www.facebook.com/externalhit_uatext.php)"
66.220.156.123 - - [07/Sep/2016:11:02:02 +0200] "GET /images/ukraine.png HTTP/1.1" 200 364585 "-" "facebookexternalhit/1.1 (+http://www.facebook.com/externalhit_uatext.php)"
69.171.230.117 - - [07/Sep/2016:11:02:02 +0200] "GET /images/hillary.png HTTP/1.1" 200 199765 "-" "facebookexternalhit/1.1 (+http://www.facebook.com/externalhit_uatext.php)"
66.220.158.96 - - [07/Sep/2016:11:02:02 +0200] "GET /images/bangla.png HTTP/1.1" 200 423629 "-" "facebookexternalhit/1.1 (+http://www.facebook.com/externalhit_uatext.php)"
173.252.88.95 - - [07/Sep/2016:11:02:02 +0200] "GET /images/bangla.png HTTP/1.1" 200 423629 "-" "facebookexternalhit/1.1 (+http://www.facebook.com/externalhit_uatext.php)"
173.252.88.94 - - [07/Sep/2016:11:02:02 +0200] "GET /images/ukraine.png HTTP/1.1" 200 364585 "-" "facebookexternalhit/1.1 (+http://www.facebook.com/externalhit_uatext.php)"
173.252.90.120 - - [07/Sep/2016:11:02:02 +0200] "GET /images/italy.png HTTP/1.1" 200 513608 "-" "facebookexternalhit/1.1 (+http://www.facebook.com/externalhit_uatext.php)"
66.220.158.101 - - [07/Sep/2016:11:02:02 +0200] "GET /images/france.png HTTP/1.1" 200 466874 "-" "facebookexternalhit/1.1 (+http://www.facebook.com/externalhit_uatext.php)"
136.243.154.93 - - [07/Sep/2016:11:02:02 +0200] "GET /opinion/ HTTP/1.1" 200 21122 "-" "MetaURI API/2.0 +metauri.com"
173.252.90.245 - - [07/Sep/2016:11:02:02 +0200] "GET /images/hillary.png HTTP/1.1" 200 199765 "-" "facebookexternalhit/1.1 (+http://www.facebook.com/externalhit_uatext.php)"
69.171.230.104 - - [07/Sep/2016:11:02:03 +0200] "GET /images/ukraine.png HTTP/1.1" 200 364585 "-" "facebookexternalhit/1.1 (+http://www.facebook.com/externalhit_uatext.php)"
37.187.162.126 - - [07/Sep/2016:11:02:03 +0200] "GET /featured/20160907-syrian-opposition-coalition.php HTTP/1.1" 200 7505 "-" "Mozilla/5.0 (compatible; PaperLiBot/2.1; http://support.paper.li/entries/20023257-what-is-paper-li)"
173.252.74.111 - - [07/Sep/2016:11:02:03 +0200] "GET /images/italy.png HTTP/1.1" 200 513608 "-" "facebookexternalhit/1.1 (+http://www.facebook.com/externalhit_uatext.php)"
::1 - - [07/Sep/2016:11:02:08 +0200] "OPTIONS * HTTP/1.0" 200 126 "-" "Apache/2.4.12 (Ubuntu) (internal dummy connection)"
::1 - - [07/Sep/2016:11:02:09 +0200] "OPTIONS * HTTP/1.0" 200 126 "-" "Apache/2.4.12 (Ubuntu) (internal dummy connection)"
::1 - - [07/Sep/2016:11:02:10 +0200] "OPTIONS * HTTP/1.0" 200 126 "-" "Apache/2.4.12 (Ubuntu) (internal dummy connection)"
::1 - - [07/Sep/2016:11:02:11 +0200] "OPTIONS * HTTP/1.0" 200 126 "-" "Apache/2.4.12 (Ubuntu) (internal dummy connection)"
::1 - - [07/Sep/2016:11:02:12 +0200] "OPTIONS * HTTP/1.0" 200 126 "-" "Apache/2.4.12 (Ubuntu) (internal dummy connection)"
::1 - - [07/Sep/2016:11:02:13 +0200] "OPTIONS * HTTP/1.0" 200 126 "-" "Apache/2.4.12 (Ubuntu) (internal dummy connection)"
::1 - - [07/Sep/2016:11:02:14 +0200] "OPTIONS * HTTP/1.0" 200 126 "-" "Apache/2.4.12 (Ubuntu) (internal dummy connection)"
23.96.208.137 - - [07/Sep/2016:11:02:21 +0200] "GET /featured/20160907-syrian-opposition-coalition.php HTTP/1.1" 200 7505 "-" "Mozilla/5.0 (compatible; MSIE 10.0; Windows NT 6.1; Trident/6.0)"
66.220.156.115 - - [07/Sep/2016:11:02:26 +0200] "GET /images/ukraine.png HTTP/1.1" 200 364585 "-" "facebookexternalhit/1.1 (+http://www.facebook.com/externalhit_uatext.php)"
69.171.230.97 - - [07/Sep/2016:11:02:26 +0200] "GET /images/bangla.png HTTP/1.1" 200 423629 "-" "facebookexternalhit/1.1 (+http://www.facebook.com/externalhit_uatext.php)"
31.13.113.82 - - [07/Sep/2016:11:02:26 +0200] "GET /opinion/20160906-opinion.php HTTP/1.1" 206 7510 "-" "facebookexternalhit/1.1 (+http://www.facebook.com/externalhit_uatext.php)"
31.13.100.114 - - [07/Sep/2016:11:02:38 +0200] "GET /opinion/20160906-opinion.php HTTP/1.1" 206 7510 "-" "facebookexternalhit/1.1"
31.13.100.114 - - [07/Sep/2016:11:02:39 +0200] "GET /opinion/js/jquery-1.3.2.min.js HTTP/1.1" 404 498 "-" "facebookexternalhit/1.1"
31.13.100.118 - - [07/Sep/2016:11:02:39 +0200] "GET /opinion/js/script.js HTTP/1.1" 404 488 "-" "facebookexternalhit/1.1"
31.13.100.113 - - [07/Sep/2016:11:02:39 +0200] "GET /opinion/js/jquery.cycle.all.min.js HTTP/1.1" 404 502 "-" "facebookexternalhit/1.1"
31.13.113.76 - - [07/Sep/2016:11:02:41 +0200] "GET /featured/20160907-syrian-opposition-coalition.php HTTP/1.1" 206 7515 "-" "facebookexternalhit/1.1 (+http://www.facebook.com/externalhit_uatext.php)"
66.220.145.243 - - [07/Sep/2016:11:02:42 +0200] "GET /opinion/20160906-opinion.php HTTP/1.1" 200 7500 "http://l.facebook.com/lsr.php?u=http%3A%2F%2Fwww.theglobalreports.com%2Fopinion%2F20160906-opinion.php&ext=1473239240&hash=AcnyjmTbpBNutPU8DC44WeNhNKm5FLYY7negFGeKY3vXjw" "Mozilla/5.0 (Windows NT 6.1; WOW64) AppleWebKit/537.36 (KHTML, like Gecko) Chrome/52.0.2743.116 Safari/537.36"
66.220.145.243 - - [07/Sep/2016:11:02:42 +0200] "GET /style.css HTTP/1.1" 200 2755 "http://www.theglobalreports.com/opinion/20160906-opinion.php" "Mozilla/5.0 (Windows NT 6.1; WOW64) AppleWebKit/537.36 (KHTML, like Gecko) Chrome/52.0.2743.116 Safari/537.36"
66.220.145.243 - - [07/Sep/2016:11:02:43 +0200] "GET /opinion/js/script.js HTTP/1.1" 404 525 "http://www.theglobalreports.com/opinion/20160906-opinion.php" "Mozilla/5.0 (Windows NT 6.1; WOW64) AppleWebKit/537.36 (KHTML, like Gecko) Chrome/52.0.2743.116 Safari/537.36"
66.220.145.245 - - [07/Sep/2016:11:02:43 +0200] "GET /opinion/js/jquery-1.3.2.min.js HTTP/1.1" 404 535 "http://www.theglobalreports.com/opinion/20160906-opinion.php" "Mozilla/5.0 (Windows NT 6.1; WOW64) AppleWebKit/537.36 (KHTML, like Gecko) Chrome/52.0.2743.116 Safari/537.36"
66.220.145.245 - - [07/Sep/2016:11:02:43 +0200] "GET /opinion/js/jquery.cycle.all.min.js HTTP/1.1" 404 539 "http://www.theglobalreports.com/opinion/20160906-opinion.php" "Mozilla/5.0 (Windows NT 6.1; WOW64) AppleWebKit/537.36 (KHTML, like Gecko) Chrome/52.0.2743.116 Safari/537.36"
66.220.145.245 - - [07/Sep/2016:11:02:43 +0200] "GET /images/theglobalreports.png HTTP/1.1" 200 26010 "http://www.theglobalreports.com/opinion/20160906-opinion.php" "Mozilla/5.0 (Windows NT 6.1; WOW64) AppleWebKit/537.36 (KHTML, like Gecko) Chrome/52.0.2743.116 Safari/537.36"
66.220.145.245 - - [07/Sep/2016:11:02:43 +0200] "GET /opinion/js/script.js HTTP/1.1" 404 524 "http://www.theglobalreports.com/opinion/20160906-opinion.php" "Mozilla/5.0 (Windows NT 6.1; WOW64) AppleWebKit/537.36 (KHTML, like Gecko) Chrome/52.0.2743.116 Safari/537.36"
66.220.145.245 - - [07/Sep/2016:11:02:43 +0200] "GET /images/background.gif HTTP/1.1" 200 337 "http://www.theglobalreports.com/style.css" "Mozilla/5.0 (Windows NT 6.1; WOW64) AppleWebKit/537.36 (KHTML, like Gecko) Chrome/52.0.2743.116 Safari/537.36"
66.220.145.245 - - [07/Sep/2016:11:02:44 +0200] "GET /favicon.ico HTTP/1.1" 404 515 "http://www.theglobalreports.com/opinion/20160906-opinion.php" "Mozilla/5.0 (Windows NT 6.1; WOW64) AppleWebKit/537.36 (KHTML, like Gecko) Chrome/52.0.2743.116 Safari/537.36"
31.13.113.130 - - [07/Sep/2016:11:02:54 +0200] "GET /featured/20160907-syrian-opposition-coalition.php HTTP/1.1" 206 7515 "-" "facebookexternalhit/1.1"
31.13.113.130 - - [07/Sep/2016:11:02:54 +0200] "GET /featured/js/jquery-1.3.2.min.js HTTP/1.1" 404 499 "-" "facebookexternalhit/1.1"
31.13.113.131 - - [07/Sep/2016:11:02:55 +0200] "GET /featured/js/jquery.cycle.all.min.js HTTP/1.1" 404 503 "-" "facebookexternalhit/1.1"
31.13.113.129 - - [07/Sep/2016:11:02:55 +0200] "GET /featured/js/script.js HTTP/1.1" 404 489 "-" "facebookexternalhit/1.1"
66.220.145.243 - - [07/Sep/2016:11:03:05 +0200] "GET /favicon.ico HTTP/1.1" 404 516 "http://www.theglobalreports.com/featured/20160907-syrian-opposition-coalition.php" "Mozilla/5.0 (Windows NT 6.1; WOW64) AppleWebKit/537.36 (KHTML, like Gecko) Chrome/52.0.2743.116 Safari/537.36"
69.63.188.117 - - [07/Sep/2016:11:03:53 +0200] "GET /images/ukraine.png HTTP/1.1" 200 364585 "-" "facebookexternalhit/1.1 (+http://www.facebook.com/externalhit_uatext.php)"
54.176.137.163 - - [07/Sep/2016:11:04:37 +0200] "HEAD /featured/20160907-syrian-opposition-coalition.php HTTP/1.1" 200 184 "-" "Mozilla/5.0 (Macintosh; Intel Mac OS X 10_9_3) AppleWebKit/537.36 (KHTML, like Gecko) Chrome/35.0.1916.153 Safari/537.36"
54.219.106.162 - - [07/Sep/2016:11:04:37 +0200] "HEAD /opinion/20160906-opinion.php HTTP/1.1" 200 184 "-" "Mozilla/5.0 (Macintosh; Intel Mac OS X 10_9_3) AppleWebKit/537.36 (KHTML, like Gecko) Chrome/35.0.1916.153 Safari/537.36"
54.176.128.153 - - [07/Sep/2016:11:04:41 +0200] "HEAD /opinion/ HTTP/1.1" 200 184 "-" "Mozilla/5.0 (Macintosh; Intel Mac OS X 10_9_3) AppleWebKit/537.36 (KHTML, like Gecko) Chrome/35.0.1916.153 Safari/537.36"
23.96.208.137 - - [07/Sep/2016:11:05:59 +0200] "GET /opinion/20160906-opinion.php HTTP/1.1" 200 7500 "-" "Mozilla/5.0 (compatible; MSIE 10.0; Windows NT 6.1; Trident/6.0)"
199.59.148.210 - - [07/Sep/2016:11:06:03 +0200] "GET /opinion/ HTTP/1.1" 200 7423 "-" "Twitterbot/1.0"
23.96.208.137 - - [07/Sep/2016:11:06:13 +0200] "HEAD /images/theglobalreports.png HTTP/1.1" 200 232 "-" "-"
136.243.154.100 - - [07/Sep/2016:11:06:12 +0200] "HEAD /opinion/20160906-opinion.php HTTP/1.1" 200 147 "-" "MetaURI API/2.0 +metauri.com"
136.243.154.100 - - [07/Sep/2016:11:06:13 +0200] "GET /opinion/20160906-opinion.php HTTP/1.1" 200 21390 "-" "MetaURI API/2.0 +metauri.com"
10.149.239.175 - - [07/Sep/2016:11:06:25 +0200] "GET /opinion/ HTTP/1.1" 200 7479 "https://t.co/FpSERrcSeG" "Mozilla/5.0 (X11; Ubuntu; Linux i686; rv:47.0) Gecko/20100101 Firefox/47.0"
10.149.239.175 - - [07/Sep/2016:11:06:26 +0200] "GET /style.css HTTP/1.1" 200 2755 "http://www.theglobalreports.com/opinion/" "Mozilla/5.0 (X11; Ubuntu; Linux i686; rv:47.0) Gecko/20100101 Firefox/47.0"
10.149.239.175 - - [07/Sep/2016:11:06:26 +0200] "GET /opinion/js/jquery-1.3.2.min.js HTTP/1.1" 404 534 "http://www.theglobalreports.com/opinion/" "Mozilla/5.0 (X11; Ubuntu; Linux i686; rv:47.0) Gecko/20100101 Firefox/47.0"
10.149.239.175 - - [07/Sep/2016:11:06:26 +0200] "GET /opinion/js/jquery.cycle.all.min.js HTTP/1.1" 404 539 "http://www.theglobalreports.com/opinion/" "Mozilla/5.0 (X11; Ubuntu; Linux i686; rv:47.0) Gecko/20100101 Firefox/47.0"
10.149.239.175 - - [07/Sep/2016:11:06:26 +0200] "GET /opinion/js/script.js HTTP/1.1" 404 525 "http://www.theglobalreports.com/opinion/" "Mozilla/5.0 (X11; Ubuntu; Linux i686; rv:47.0) Gecko/20100101 Firefox/47.0"
10.149.239.175 - - [07/Sep/2016:11:06:26 +0200] "GET /images/theglobalreports.png HTTP/1.1" 200 26010 "http://www.theglobalreports.com/opinion/" "Mozilla/5.0 (X11; Ubuntu; Linux i686; rv:47.0) Gecko/20100101 Firefox/47.0"
10.149.239.175 - - [07/Sep/2016:11:06:26 +0200] "GET /opinion/js/jquery-1.3.2.min.js HTTP/1.1" 404 534 "http://www.theglobalreports.com/opinion/" "Mozilla/5.0 (X11; Ubuntu; Linux i686; rv:47.0) Gecko/20100101 Firefox/47.0"
10.149.239.175 - - [07/Sep/2016:11:06:26 +0200] "GET /opinion/js/jquery.cycle.all.min.js HTTP/1.1" 404 538 "http://www.theglobalreports.com/opinion/" "Mozilla/5.0 (X11; Ubuntu; Linux i686; rv:47.0) Gecko/20100101 Firefox/47.0"
10.149.239.175 - - [07/Sep/2016:11:06:26 +0200] "GET /opinion/js/script.js HTTP/1.1" 404 524 "http://www.theglobalreports.com/opinion/" "Mozilla/5.0 (X11; Ubuntu; Linux i686; rv:47.0) Gecko/20100101 Firefox/47.0"
10.149.239.175 - - [07/Sep/2016:11:06:26 +0200] "GET /images/background.gif HTTP/1.1" 200 337 "http://www.theglobalreports.com/style.css" "Mozilla/5.0 (X11; Ubuntu; Linux i686; rv:47.0) Gecko/20100101 Firefox/47.0"
199.16.156.124 - - [07/Sep/2016:11:06:30 +0200] "GET /opinion/ HTTP/1.1" 200 7423 "-" "Twitterbot/1.0"
192.99.38.188 - - [07/Sep/2016:11:06:34 +0200] "GET /featured/20160907-syrian-opposition-coalition.php HTTP/1.1" 200 19256 "-" "Mozilla/5.0 (compatible; Yahoo! Slurp; http://help.yahoo.com/help/us/ysearch/slurp)"
163.172.65.249 - - [07/Sep/2016:11:06:38 +0200] "GET /featured/20160907-syrian-opposition-coalition.php HTTP/1.1" 200 7449 "-" "Mozilla/5.0 (compatible; AhrefsBot/5.1; +http://ahrefs.com/robot/)"
37.187.162.165 - - [07/Sep/2016:11:06:37 +0200] "GET /opinion/20160906-opinion.php HTTP/1.1" 200 7500 "-" "Mozilla/5.0 (compatible; PaperLiBot/2.1; http://support.paper.li/entries/20023257-what-is-paper-li)"
37.187.162.165 - - [07/Sep/2016:11:06:37 +0200] "GET /opinion/20160906-opinion.php HTTP/1.1" 200 7500 "-" "Mozilla/5.0 (compatible; PaperLiBot/2.1; http://support.paper.li/entries/20023257-what-is-paper-li)"
37.187.162.191 - - [07/Sep/2016:11:06:37 +0200] "GET /opinion/ HTTP/1.1" 200 7479 "-" "Mozilla/5.0 (compatible; PaperLiBot/2.1; http://support.paper.li/entries/20023257-what-is-paper-li)"
52.49.79.6 - - [07/Sep/2016:11:06:38 +0200] "HEAD /opinion/20160906-opinion.php HTTP/1.1" 200 184 "-" "Mozilla/5.0 (Linux; Android 4.1; Galaxy Nexus Build/IMM76B) AppleWebKit/535.19 (KHTML, like Gecko) Chrome/18.0.1025.133 Mobile Safari/535.19 Luminator-ur/2.0"
37.187.162.191 - - [07/Sep/2016:11:06:40 +0200] "GET /opinion/ HTTP/1.1" 200 7479 "-" "Mozilla/5.0 (compatible; PaperLiBot/2.1; http://support.paper.li/entries/20023257-what-is-paper-li)"
52.49.79.6 - - [07/Sep/2016:11:06:42 +0200] "HEAD /featured/20160907-syrian-opposition-coalition.php HTTP/1.1" 200 183 "-" "Mozilla/5.0 (Linux; Android 4.1; Galaxy Nexus Build/IMM76B) AppleWebKit/535.19 (KHTML, like Gecko) Chrome/18.0.1025.133 Mobile Safari/535.19 Luminator-ur/2.0"
37.187.162.191 - - [07/Sep/2016:11:07:36 +0200] "GET /opinion/ HTTP/1.1" 200 7479 "-" "Mozilla/5.0 (compatible; PaperLiBot/2.1; http://support.paper.li/entries/20023257-what-is-paper-li)"
37.187.162.165 - - [07/Sep/2016:11:07:36 +0200] "GET /opinion/20160906-opinion.php HTTP/1.1" 200 7500 "-" "Mozilla/5.0 (compatible; PaperLiBot/2.1; http://support.paper.li/entries/20023257-what-is-paper-li)"
82.145.220.206 - - [07/Sep/2016:11:07:38 +0200] "GET /featured/20160907-syrian-opposition-coalition.php HTTP/1.0" 200 19172 "-" "Mozilla/5.0 (Linux; U; Android 4.4.3;) AppleWebkit/534.30 (KHTML, like Gecko) Version/4.0 Mobile Safari/534.30 Opera News/1.0"
150.70.188.165 - - [07/Sep/2016:11:07:55 +0200] "GET /opinion/ HTTP/1.1" 200 21103 "-" "Mozilla/4.0 (compatible; MSIE 8.0; Windows NT 5.1; Trident/4.0)"
78.46.87.116 - - [07/Sep/2016:11:08:09 +0200] "HEAD /featured/20160907-syrian-opposition-coalition.php HTTP/1.1" 200 184 "-" "Mozilla/5.0 (compatible; um-LN/1.0; mailto: techinfo@ubermetrics-technologies.com)"
78.46.87.116 - - [07/Sep/2016:11:08:09 +0200] "GET /robots.txt HTTP/1.1" 200 388 "-" "Mozilla/5.0 (compatible; Windows; U; Windows NT 6.2; en-US; rv:12.0) Gecko/20120403211507 Firefox/12.0"
78.46.87.116 - - [07/Sep/2016:11:08:09 +0200] "GET /featured/20160907-syrian-opposition-coalition.php HTTP/1.1" 200 19255 "-" "Mozilla/5.0 (compatible; Windows; U; Windows NT 6.2; en-US; rv:12.0) Gecko/20120403211507 Firefox/12.0"
78.46.87.116 - - [07/Sep/2016:11:08:09 +0200] "HEAD /opinion/20160906-opinion.php HTTP/1.1" 200 184 "-" "Mozilla/5.0 (compatible; um-LN/1.0; mailto: techinfo@ubermetrics-technologies.com)"
78.46.87.116 - - [07/Sep/2016:11:08:10 +0200] "GET /opinion/20160906-opinion.php HTTP/1.1" 200 21426 "-" "Mozilla/5.0 (compatible; Windows; U; Windows NT 6.2; en-US; rv:12.0) Gecko/20120403211507 Firefox/12.0"
150.70.173.55 - - [07/Sep/2016:11:08:58 +0200] "GET /opinion/ HTTP/1.1" 200 21103 "-" "Mozilla/4.0 (compatible; MSIE 8.0; Windows NT 5.1; Trident/4.0)"
150.70.188.177 - - [07/Sep/2016:11:09:01 +0200] "GET /opinion/20160906-opinion.php HTTP/1.1" 200 21371 "-" "Mozilla/4.0 (compatible; MSIE 8.0; Windows NT 5.1; Trident/4.0)"
150.70.173.52 - - [07/Sep/2016:11:09:04 +0200] "GET /opinion/20160906-opinion.php HTTP/1.1" 200 21371 "-" "Mozilla/4.0 (compatible; MSIE 8.0; Windows NT 5.1; Trident/4.0)"
150.70.173.56 - - [07/Sep/2016:11:09:07 +0200] "GET /featured/20160907-syrian-opposition-coalition.php HTTP/1.1" 200 19200 "-" "Mozilla/4.0 (compatible; MSIE 8.0; Windows NT 5.1; Trident/4.0)"
74.6.254.136 - - [07/Sep/2016:11:09:46 +0200] "HEAD /opinion/ HTTP/1.1" 200 128 "-" "Mozilla/5.0 (compatible; Yahoo! Slurp; http://help.yahoo.com/help/us/ysearch/slurp)"
74.6.254.136 - - [07/Sep/2016:11:09:51 +0200] "HEAD /featured/20160907-syrian-opposition-coalition.php HTTP/1.1" 200 128 "-" "Mozilla/5.0 (compatible; Yahoo! Slurp; http://help.yahoo.com/help/us/ysearch/slurp)"
74.6.254.136 - - [07/Sep/2016:11:10:26 +0200] "HEAD /opinion/20160906-opinion.php HTTP/1.1" 200 128 "-" "Mozilla/5.0 (compatible; Yahoo! Slurp; http://help.yahoo.com/help/us/ysearch/slurp)"
144.76.23.20 - - [07/Sep/2016:11:12:00 +0200] "GET /opinion/20160906-opinion.php HTTP/1.1" 200 7463 "-" "Mozilla/5.0 (X11; U; Linux x86_64; en-US; rv:1.9.0.7) Gecko/2009032606 Red Hat/3.0.7-1.el5 Firefox/3.0.7"
82.145.220.206 - - [07/Sep/2016:11:12:05 +0200] "GET /opinion/ HTTP/1.0" 200 21073 "-" "Mozilla/5.0 (Linux; U; Android 4.4.3;) AppleWebkit/534.30 (KHTML, like Gecko) Version/4.0 Mobile Safari/534.30 Opera News/1.0"
52.32.223.31 - - [07/Sep/2016:11:14:19 +0200] "GET /featured/20160907-syrian-opposition-coalition.php HTTP/1.1" 200 19256 "-" "Java/1.8.0_45"
82.145.220.141 - - [07/Sep/2016:11:17:58 +0200] "GET /opinion/20160906-opinion.php HTTP/1.0" 200 21341 "-" "Mozilla/5.0 (Linux; U; Android 4.4.3;) AppleWebkit/534.30 (KHTML, like Gecko) Version/4.0 Mobile Safari/534.30 Opera News/1.0"
66.249.64.223 - - [07/Sep/2016:11:18:52 +0200] "GET / HTTP/1.1" 200 16744 "-" "Mozilla/5.0 (compatible; Googlebot/2.1; +http://www.google.com/bot.html)"
52.32.223.31 - - [07/Sep/2016:11:19:14 +0200] "GET /opinion/ HTTP/1.1" 200 21159 "-" "Java/1.8.0_45"
52.32.223.31 - - [07/Sep/2016:11:20:18 +0200] "GET /opinion/20160906-opinion.php HTTP/1.1" 200 21427 "-" "Java/1.8.0_45"
66.249.64.223 - - [07/Sep/2016:11:24:03 +0200] "GET /featured/20160907-syrian-opposition-coalition.php HTTP/1.1" 200 7505 "-" "Mozilla/5.0 (compatible; Googlebot/2.1; +http://www.google.com/bot.html)"
62.210.181.15 - - [07/Sep/2016:11:25:01 +0200] "HEAD /opinion/20160906-opinion.php HTTP/1.1" 200 184 "-" "Mozilla/5.0"
187.185.126.50 - - [07/Sep/2016:11:27:26 +0200] "GET /cgi/common.cgi HTTP/1.0" 301 568 "-" "Wget(linux)"
187.185.126.50 - - [07/Sep/2016:11:27:26 +0200] "GET /stssys.htm HTTP/1.0" 301 560 "-" "Wget(linux)"
187.185.126.50 - - [07/Sep/2016:11:27:26 +0200] "GET / HTTP/1.0" 301 540 "-" "Wget(linux)"
187.185.126.50 - - [07/Sep/2016:11:27:27 +0200] "POST /command.php HTTP/1.0" 301 562 "-" "Wget(linux)"
74.6.254.136 - - [07/Sep/2016:11:31:54 +0200] "GET /featured/20160907-syrian-opposition-coalition.php HTTP/1.1" 200 7449 "-" "Mozilla/5.0 (compatible; Yahoo! Slurp; http://help.yahoo.com/help/us/ysearch/slurp)"
74.6.254.136 - - [07/Sep/2016:11:32:33 +0200] "GET /images/theglobalreports.png HTTP/1.1" 200 25955 "-" "Mozilla/5.0 (compatible; Yahoo! Slurp; http://help.yahoo.com/help/us/ysearch/slurp)"
54.149.101.46 - - [07/Sep/2016:11:34:54 +0200] "GET /featured/20160907-syrian-opposition-coalition.php HTTP/1.1" 200 7505 "-" "facebookexternalhit/1.1"
54.149.101.46 - - [07/Sep/2016:11:34:54 +0200] "GET /images/syria.png HTTP/1.1" 200 425489 "-" "facebookexternalhit/1.1"
52.12.31.249 - - [07/Sep/2016:11:34:55 +0200] "GET / HTTP/1.1" 200 63135 "-" "Mozilla/4.0 (compatible; MSIE 7.0b; Windows NT 5.1; .NET CLR 1.1.4322; Alexa Toolbar)"
54.149.101.46 - - [07/Sep/2016:11:34:56 +0200] "GET /opinion/20160906-opinion.php HTTP/1.1" 200 7499 "-" "facebookexternalhit/1.1"
